<html>
<body>
<pre>
<h1>µVision Build Log</h1>
<h2>Project:</h2>
E:\SmartLed\1_Software\0_code_STM32\20150201_text\project.uvproj
Project File Date:  02/01/2015

<h2>Output:</h2>
Build target 'Project'
compiling main.c...
User\main.c(24): error:  #5: cannot open source input file "stm32_eval.h": No such file or directory
User\main.c:   #include "stm32_eval.h"
User\main.c:                          ^
User\main.c: User\main.c: 0 warnings, 1 error
compiling stm32f10x_it.c...
compiling misc.c...
compiling stm32f10x_adc.c...
compiling stm32f10x_bkp.c...
compiling stm32f10x_can.c...
compiling stm32f10x_cec.c...
compiling stm32f10x_crc.c...
compiling stm32f10x_dac.c...
compiling stm32f10x_dbgmcu.c...
compiling stm32f10x_dma.c...
compiling stm32f10x_exti.c...
compiling stm32f10x_flash.c...
compiling stm32f10x_fsmc.c...
compiling stm32f10x_gpio.c...
compiling stm32f10x_i2c.c...
compiling stm32f10x_iwdg.c...
compiling stm32f10x_pwr.c...
compiling stm32f10x_rcc.c...
compiling stm32f10x_rtc.c...
compiling stm32f10x_sdio.c...
compiling stm32f10x_spi.c...
compiling stm32f10x_tim.c...
compiling stm32f10x_usart.c...
compiling stm32f10x_wwdg.c...
assembling startup_stm32f10x_md.s...
compiling system_stm32f10x.c...
compiling core_cm3.c...
Target not created
Build target 'Project'
compiling main.c...
User\main.c(101): warning:  #223-D: function "STM_EVAL_LEDInit" declared implicitly
User\main.c:     STM_EVAL_LEDInit(LED1);
User\main.c:     ^
User\main.c(101): error:  #20: identifier "LED1" is undefined
User\main.c:     STM_EVAL_LEDInit(LED1);
User\main.c:                      ^
User\main.c(102): error:  #20: identifier "LED2" is undefined
User\main.c:     STM_EVAL_LEDInit(LED2);
User\main.c:                      ^
User\main.c(103): error:  #20: identifier "LED3" is undefined
User\main.c:     STM_EVAL_LEDInit(LED3);
User\main.c:                      ^
User\main.c(104): error:  #20: identifier "LED4" is undefined
User\main.c:     STM_EVAL_LEDInit(LED4);
User\main.c:                      ^
User\main.c(121): warning:  #223-D: function "STM_EVAL_COMInit" declared implicitly
User\main.c:     STM_EVAL_COMInit(COM1, &USART_InitStructure);
User\main.c:     ^
User\main.c(121): error:  #20: identifier "COM1" is undefined
User\main.c:     STM_EVAL_COMInit(COM1, &USART_InitStructure);
User\main.c:                      ^
User\main.c(138): warning:  #223-D: function "LCD_Clear" declared implicitly
User\main.c:     LCD_Clear(LCD_COLOR_WHITE);
User\main.c:     ^
User\main.c(138): error:  #20: identifier "LCD_COLOR_WHITE" is undefined
User\main.c:     LCD_Clear(LCD_COLOR_WHITE);
User\main.c:               ^
User\main.c(141): warning:  #223-D: function "LCD_SetBackColor" declared implicitly
User\main.c:     LCD_SetBackColor(LCD_COLOR_BLUE);
User\main.c:     ^
User\main.c(141): error:  #20: identifier "LCD_COLOR_BLUE" is undefined
User\main.c:     LCD_SetBackColor(LCD_COLOR_BLUE);
User\main.c:                      ^
User\main.c(143): warning:  #223-D: function "LCD_SetTextColor" declared implicitly
User\main.c:     LCD_SetTextColor(LCD_COLOR_WHITE);
User\main.c:     ^
User\main.c(144): warning:  #223-D: function "LCD_DisplayStringLine" declared implicitly
User\main.c:     LCD_DisplayStringLine(LCD_LINE_0, (uint8_t *)MESSAGE1);
User\main.c:     ^
User\main.c(144): error:  #20: identifier "LCD_LINE_0" is undefined
User\main.c:     LCD_DisplayStringLine(LCD_LINE_0, (uint8_t *)MESSAGE1);
User\main.c:                           ^
User\main.c(144): error:  #20: identifier "MESSAGE1" is undefined
User\main.c:     LCD_DisplayStringLine(LCD_LINE_0, (uint8_t *)MESSAGE1);
User\main.c:                                                  ^
User\main.c(145): error:  #20: identifier "LCD_LINE_1" is undefined
User\main.c:     LCD_DisplayStringLine(LCD_LINE_1, (uint8_t *)MESSAGE2);
User\main.c:                           ^
User\main.c(145): error:  #20: identifier "MESSAGE2" is undefined
User\main.c:     LCD_DisplayStringLine(LCD_LINE_1, (uint8_t *)MESSAGE2);
User\main.c:                                                  ^
User\main.c(146): error:  #20: identifier "LCD_LINE_2" is undefined
User\main.c:     LCD_DisplayStringLine(LCD_LINE_2, (uint8_t *)MESSAGE3);
User\main.c:                           ^
User\main.c(146): error:  #20: identifier "MESSAGE3" is undefined
User\main.c:     LCD_DisplayStringLine(LCD_LINE_2, (uint8_t *)MESSAGE3);
User\main.c:                                                  ^
User\main.c(155): warning:  #223-D: function "STM_EVAL_LEDOn" declared implicitly
User\main.c:     STM_EVAL_LEDOn(LED1);
User\main.c:     ^
User\main.c(178): error:  #20: identifier "EVAL_COM1" is undefined
User\main.c:     USART_SendData(EVAL_COM1, (uint8_t) ch);
User\main.c:                    ^
User\main.c: User\main.c: 7 warnings, 14 errors
Target not created
Build target 'Project'
compiling main.c...
User\main.c(107): error:  #20: identifier "EVAL_COM1" is undefined
User\main.c:     USART_SendData(EVAL_COM1, (uint8_t) ch);
User\main.c:                    ^
User\main.c: User\main.c: 0 warnings, 1 error
Target not created
Build target 'Project'
compiling main.c...
linking...
Program Size: Code=848 RO-data=268 RW-data=20 ZI-data=1636  
FromELF: creating hex file...
".\RVMDK\Output\project.axf" - 0 Error(s), 0 Warning(s).
Build target 'Project'
compiling main.c...
linking...
Program Size: Code=848 RO-data=268 RW-data=20 ZI-data=1636  
FromELF: creating hex file...
".\RVMDK\Output\project.axf" - 0 Error(s), 0 Warning(s).
Build target 'Project'
assembling startup_stm32f10x_md.s...
linking...
Program Size: Code=356 RO-data=252 RW-data=0 ZI-data=1632  
FromELF: creating hex file...
".\RVMDK\Output\project.axf" - 0 Error(s), 0 Warning(s).
Build target 'Project'
assembling startup_stm32f10x_md.s...
linking...
.\RVMDK\Output\project.axf: Error: L6218E: Undefined symbol SystemInit (referred from startup_stm32f10x_md.o).
.\RVMDK\Output\project.axf: Not enough information to list image symbols.
.\RVMDK\Output\project.axf: Finished: 1 information, 0 warning and 1 error messages.
Target not created
Build target 'Project'
assembling startup_stm32f10x_md.s...
linking...
Program Size: Code=356 RO-data=252 RW-data=0 ZI-data=1632  
FromELF: creating hex file...
".\RVMDK\Output\project.axf" - 0 Error(s), 0 Warning(s).
Build target 'Project'
compiling main.c...
linking...
.\RVMDK\Output\project.axf: Error: L6218E: Undefined symbol SystemInit (referred from main.o).
.\RVMDK\Output\project.axf: Not enough information to list image symbols.
.\RVMDK\Output\project.axf: Finished: 1 information, 0 warning and 1 error messages.
Target not created
Build target 'Project'
compiling main.c...
linking...
.\RVMDK\Output\project.axf: Error: L6218E: Undefined symbol SystemInit (referred from main.o).
.\RVMDK\Output\project.axf: Not enough information to list image symbols.
.\RVMDK\Output\project.axf: Finished: 1 information, 0 warning and 1 error messages.
Target not created
Build target 'Project'
linking...
.\RVMDK\Output\project.axf: Error: L6218E: Undefined symbol SystemInit (referred from main.o).
.\RVMDK\Output\project.axf: Not enough information to list image symbols.
.\RVMDK\Output\project.axf: Finished: 1 information, 0 warning and 1 error messages.
Target not created
Build target 'Project'
compiling SystemInit.c...
User\SystemInit.c(3): warning:  #1295-D: Deprecated declaration clockConfiguration - give arg types
User\SystemInit.c:   void clockConfiguration();
User\SystemInit.c:        ^
User\SystemInit.c: User\SystemInit.c: 1 warning, 0 errors
linking...
.\RVMDK\Output\project.axf: Error: L6218E: Undefined symbol SystemInit (referred from main.o).
.\RVMDK\Output\project.axf: Not enough information to list image symbols.
.\RVMDK\Output\project.axf: Finished: 1 information, 0 warning and 1 error messages.
Target not created
Build target 'Project'
compiling main.c...
User\systemInit.h(4): warning:  #1295-D: Deprecated declaration systemInit - give arg types
User\systemInit.h:   void systemInit();
User\systemInit.h:        ^
User\systemInit.h: User\main.c: 1 warning, 0 errors
compiling SystemInit.c...
User\systemInit.h(4): warning:  #1295-D: Deprecated declaration systemInit - give arg types
User\systemInit.h:   void systemInit();
User\systemInit.h:        ^
User\SystemInit.c(3): warning:  #1295-D: Deprecated declaration clockConfiguration - give arg types
User\SystemInit.c:   void clockConfiguration();
User\SystemInit.c:        ^
User\SystemInit.c: User\SystemInit.c: 2 warnings, 0 errors
linking...
.\RVMDK\Output\project.axf: Error: L6218E: Undefined symbol SystemInit (referred from main.o).
.\RVMDK\Output\project.axf: Not enough information to list image symbols.
.\RVMDK\Output\project.axf: Finished: 1 information, 0 warning and 1 error messages.
Target not created
Build target 'Project'
compiling main.c...
User\systemInit.h(4): warning:  #1295-D: Deprecated declaration systemInit - give arg types
User\systemInit.h:   void systemInit();
User\systemInit.h:        ^
User\systemInit.h: User\main.c: 1 warning, 0 errors
linking...
Program Size: Code=372 RO-data=252 RW-data=0 ZI-data=1632  
FromELF: creating hex file...
".\RVMDK\Output\project.axf" - 0 Error(s), 1 Warning(s).
Build target 'Project'
compiling main.c...
compiling SystemInit.c...
User\SystemInit.c(3): warning:  #1295-D: Deprecated declaration clockConfiguration - give arg types
User\SystemInit.c:   void clockConfiguration();
User\SystemInit.c:        ^
User\SystemInit.c: User\SystemInit.c: 1 warning, 0 errors
linking...
Program Size: Code=372 RO-data=252 RW-data=0 ZI-data=1632  
FromELF: creating hex file...
".\RVMDK\Output\project.axf" - 0 Error(s), 1 Warning(s).
Build target 'Project'
compiling SystemInit.c...
linking...
Program Size: Code=372 RO-data=252 RW-data=0 ZI-data=1632  
FromELF: creating hex file...
".\RVMDK\Output\project.axf" - 0 Error(s), 0 Warning(s).
Build target 'Project'
compiling SystemInit.c...
linking...
Program Size: Code=2908 RO-data=268 RW-data=20 ZI-data=1636  
FromELF: creating hex file...
".\RVMDK\Output\project.axf" - 0 Error(s), 0 Warning(s).
Build target 'Project'
compiling SystemInit.c...
linking...
Program Size: Code=2880 RO-data=268 RW-data=20 ZI-data=1636  
FromELF: creating hex file...
".\RVMDK\Output\project.axf" - 0 Error(s), 0 Warning(s).
Build target 'Project'
compiling SystemInit.c...
linking...
Program Size: Code=2868 RO-data=268 RW-data=20 ZI-data=1636  
FromELF: creating hex file...
".\RVMDK\Output\project.axf" - 0 Error(s), 0 Warning(s).
Build target 'Project'
linking...
Program Size: Code=2868 RO-data=268 RW-data=20 ZI-data=1636  
FromELF: creating hex file...
".\RVMDK\Output\project.axf" - 0 Error(s), 0 Warning(s).
Build target 'Project'
compiling SystemInit.c...
compiling delay.c...
linking...
Program Size: Code=2868 RO-data=268 RW-data=20 ZI-data=1636  
FromELF: creating hex file...
".\RVMDK\Output\project.axf" - 0 Error(s), 0 Warning(s).
Build target 'Project'
compiling delay.c...
linking...
Program Size: Code=2868 RO-data=268 RW-data=20 ZI-data=1636  
FromELF: creating hex file...
".\RVMDK\Output\project.axf" - 0 Error(s), 0 Warning(s).
Build target 'Project'
compiling main.c...
User\main.h(8): error:  #11-D: unrecognized preprocessing directive
User\main.h:   #incldue "delay.h"
User\main.h:    ^
User\main.h: User\main.c: 0 warnings, 1 error
compiling SystemInit.c...
User\main.h(8): error:  #11-D: unrecognized preprocessing directive
User\main.h:   #incldue "delay.h"
User\main.h:    ^
User\main.h: User\SystemInit.c: 0 warnings, 1 error
Target not created
Build target 'Project'
compiling main.c...
compiling SystemInit.c...
linking...
Program Size: Code=2868 RO-data=268 RW-data=20 ZI-data=1636  
FromELF: creating hex file...
".\RVMDK\Output\project.axf" - 0 Error(s), 0 Warning(s).
Build target 'Project'
compiling SystemInit.c...
linking...
Program Size: Code=3036 RO-data=268 RW-data=28 ZI-data=1636  
FromELF: creating hex file...
".\RVMDK\Output\project.axf" - 0 Error(s), 0 Warning(s).
Build target 'Project'
compiling main.c...
User\main.c(7): error:  #268: declaration may not appear after executable statement in block
User\main.c:    GPIO_InitTypeDef GPIO_InitStructure;
User\main.c:    ^
User\main.c: User\main.c: 0 warnings, 1 error
Target not created
Build target 'Project'
compiling main.c...
linking...
Program Size: Code=3928 RO-data=268 RW-data=28 ZI-data=1636  
FromELF: creating hex file...
".\RVMDK\Output\project.axf" - 0 Error(s), 0 Warning(s).
Build target 'Project'
compiling main.c...
linking...
Program Size: Code=3928 RO-data=268 RW-data=28 ZI-data=1636  
FromELF: creating hex file...
".\RVMDK\Output\project.axf" - 0 Error(s), 0 Warning(s).
Build target 'Project'
compiling main.c...
linking...
Program Size: Code=3964 RO-data=268 RW-data=28 ZI-data=1636  
FromELF: creating hex file...
".\RVMDK\Output\project.axf" - 0 Error(s), 0 Warning(s).
