<html>
<body>
<pre>
<h1>µVision Build Log</h1>
<h2>Project:</h2>
C:\Users\admin\Documents\GitHub\SmartLed\1_Software\0_stm32\20160325_V2.0\project.uvproj
Project File Date:  03/27/2016

<h2>Output:</h2>
Build target 'Project'
compiling picture.c...
compiling main.c...
compiling Manage.c...
compiling GUI.c...
compiling Task.c...
compiling Widget.c...
compiling Protocol.c...
compiling Power.c...
compiling BspOledFont.c...
compiling Bsp.c...
compiling BspRtc.c...
compiling BspTemp.c...
compiling BspBle.c...
compiling BspBattery.c...
compiling BspKey.c...
compiling BspOled.c...
compiling BspLed.c...
compiling BspTimer.c...
compiling stm32_systick.c...
compiling stm32_pwm.c...
compiling stm32_i2c.c...
compiling stm32_adc.c...
compiling stm32_uart.c...
compiling stm32_rcc.c...
compiling stm32_spi.c...
linking...
Program Size: Code=30178 RO-data=5118 RW-data=84 ZI-data=4388  
FromELF: creating hex file...
".\RVMDK\Output\project.axf" - 0 Errors, 0 Warning(s).
Build target 'Project'
compiling stm32_uart.c...
linking...
Program Size: Code=30178 RO-data=5118 RW-data=84 ZI-data=4388  
FromELF: creating hex file...
".\RVMDK\Output\project.axf" - 0 Errors, 0 Warning(s).
