ARM Linker, 5.03 [Build 76] [MDK-ARM Standard]

==============================================================================

Section Cross References

    startup_stm32f10x_md.o(STACK) refers (Special) to heapauxi.o(.text) for __use_two_region_memory
    startup_stm32f10x_md.o(HEAP) refers (Special) to heapauxi.o(.text) for __use_two_region_memory
    startup_stm32f10x_md.o(RESET) refers (Special) to heapauxi.o(.text) for __use_two_region_memory
    startup_stm32f10x_md.o(RESET) refers to startup_stm32f10x_md.o(STACK) for __initial_sp
    startup_stm32f10x_md.o(RESET) refers to startup_stm32f10x_md.o(.text) for Reset_Handler
    startup_stm32f10x_md.o(RESET) refers to bspkey.o(.text) for EXTI1_IRQHandler
    startup_stm32f10x_md.o(RESET) refers to stm32_i2c.o(.text) for DMA1_Channel6_IRQHandler
    startup_stm32f10x_md.o(RESET) refers to bsptimer.o(.text) for TIM2_IRQHandler
    startup_stm32f10x_md.o(RESET) refers to bspble.o(.text) for EXTI15_10_IRQHandler
    startup_stm32f10x_md.o(.text) refers (Special) to heapauxi.o(.text) for __use_two_region_memory
    startup_stm32f10x_md.o(.text) refers to __main.o(!!!main) for __main
    startup_stm32f10x_md.o(.text) refers to startup_stm32f10x_md.o(HEAP) for Heap_Mem
    startup_stm32f10x_md.o(.text) refers to startup_stm32f10x_md.o(STACK) for Stack_Mem
    stm32f10x_adc.o(.text) refers to stm32f10x_rcc.o(.text) for RCC_APB2PeriphResetCmd
    stm32f10x_bkp.o(.text) refers to stm32f10x_rcc.o(.text) for RCC_BackupResetCmd
    stm32f10x_can.o(.text) refers to stm32f10x_rcc.o(.text) for RCC_APB1PeriphResetCmd
    stm32f10x_cec.o(.text) refers to stm32f10x_rcc.o(.text) for RCC_APB1PeriphResetCmd
    stm32f10x_dac.o(.text) refers to stm32f10x_rcc.o(.text) for RCC_APB1PeriphResetCmd
    stm32f10x_gpio.o(.text) refers to stm32f10x_rcc.o(.text) for RCC_APB2PeriphResetCmd
    stm32f10x_i2c.o(.text) refers to stm32f10x_rcc.o(.text) for RCC_APB1PeriphResetCmd
    stm32f10x_pwr.o(.text) refers to stm32f10x_rcc.o(.text) for RCC_APB1PeriphResetCmd
    stm32f10x_rcc.o(.text) refers to stm32f10x_rcc.o(.data) for APBAHBPrescTable
    stm32f10x_spi.o(.text) refers to stm32f10x_rcc.o(.text) for RCC_APB2PeriphResetCmd
    stm32f10x_tim.o(.text) refers to stm32f10x_rcc.o(.text) for RCC_APB2PeriphResetCmd
    stm32f10x_usart.o(.text) refers to stm32f10x_rcc.o(.text) for RCC_APB2PeriphResetCmd
    stm32f10x_wwdg.o(.text) refers to stm32f10x_rcc.o(.text) for RCC_APB1PeriphResetCmd
    main.o(.text) refers to bsp.o(.text) for SystemInit
    main.o(.text) refers to manage.o(.text) for SoftwareInit
    main.o(.text) refers to task.o(.text) for Task
    main.o(.text) refers to bsptimer.o(.data) for ReqHeartBeat
    manage.o(.text) refers to gui.o(.text) for GuiInit
    manage.o(.text) refers to manage.o(.data) for cnt
    manage.o(.text) refers to bspbattery.o(.data) for Bat
    manage.o(.text) refers to manage.o(.bss) for Sys
    manage.o(.text) refers to bspble.o(.bss) for Ble
    manage.o(.text) refers to bspkey.o(.data) for KeyStt
    manage.o(.text) refers to bspled.o(.bss) for Led
    manage.o(.text) refers to bsptemp.o(.data) for Temp
    manage.o(.text) refers to bsprtc.o(.bss) for Rtc
    manage.o(.text) refers to power.o(.data) for Power
    manage.o(.text) refers to gui.o(.bss) for Gui
    gui.o(.text) refers to widget.o(.text) for DispText
    gui.o(.text) refers to bspoled.o(.text) for OledDisplay
    gui.o(.text) refers to gui.o(.data) for prePage
    gui.o(.text) refers to picture.o(.constdata) for gImage_SETTING
    gui.o(.text) refers to bspbattery.o(.data) for Bat
    gui.o(.text) refers to bspble.o(.text) for BleCmd
    gui.o(.text) refers to bsprtc.o(.text) for TimeSet
    gui.o(.text) refers to rt_memcpy_w.o(.text) for __aeabi_memcpy4
    gui.o(.text) refers to bspled.o(.text) for SetColor
    gui.o(.text) refers to manage.o(.bss) for Sys
    gui.o(.text) refers to bspble.o(.bss) for Ble
    gui.o(.text) refers to gui.o(.bss) for preLedSet
    gui.o(.text) refers to bspled.o(.bss) for Led
    gui.o(.text) refers to bsprtc.o(.bss) for Rtc
    task.o(.text) refers to bspkey.o(.text) for KeyScan
    task.o(.text) refers to gui.o(.text) for KeyAction
    task.o(.text) refers to bspble.o(.text) for BleSend
    task.o(.text) refers to bspoled.o(.text) for OledDisp
    task.o(.text) refers to stm32_uart.o(.text) for RxUart
    task.o(.text) refers to manage.o(.text) for GuiDataUpd
    task.o(.text) refers to bspled.o(.text) for LedUpdStt
    task.o(.text) refers to bspbattery.o(.text) for GetBatStt
    task.o(.text) refers to bsprtc.o(.text) for ReadTimeDMA
    task.o(.text) refers to power.o(.text) for PowerManage
    task.o(.text) refers to bsptemp.o(.text) for ReadTempDMA
    task.o(.text) refers to bspkey.o(.data) for KeyStt
    task.o(.text) refers to gui.o(.bss) for Gui
    task.o(.text) refers to power.o(.data) for Power
    task.o(.text) refers to manage.o(.bss) for Sys
    task.o(.text) refers to protocol.o(.text) for UartDecode
[...]
    .ARM.Collect$$libinit$$0000001F          0x08000162   Section        0  libinit2.o(.ARM.Collect$$libinit$$0000001F)
    .ARM.Collect$$libinit$$00000021          0x08000162   Section        0  libinit2.o(.ARM.Collect$$libinit$$00000021)
    .ARM.Collect$$libinit$$00000023          0x08000162   Section        0  libinit2.o(.ARM.Collect$$libinit$$00000023)
    .ARM.Collect$$libinit$$0000002A          0x08000162   Section        0  libinit2.o(.ARM.Collect$$libinit$$0000002A)
    .ARM.Collect$$libinit$$0000002C          0x08000162   Section        0  libinit2.o(.ARM.Collect$$libinit$$0000002C)
    .ARM.Collect$$libinit$$0000002E          0x08000162   Section        0  libinit2.o(.ARM.Collect$$libinit$$0000002E)
    .ARM.Collect$$libinit$$00000030          0x08000162   Section        0  libinit2.o(.ARM.Collect$$libinit$$00000030)
    .ARM.Collect$$libinit$$00000031          0x08000162   Section        2  libinit2.o(.ARM.Collect$$libinit$$00000031)
    .ARM.Collect$$libshutdown$$00000000      0x08000164   Section        2  libshutdown.o(.ARM.Collect$$libshutdown$$00000000)
    .ARM.Collect$$libshutdown$$00000003      0x08000166   Section        0  libshutdown2.o(.ARM.Collect$$libshutdown$$00000003)
    .ARM.Collect$$libshutdown$$00000006      0x08000166   Section        0  libshutdown2.o(.ARM.Collect$$libshutdown$$00000006)
    .ARM.Collect$$libshutdown$$00000009      0x08000166   Section        0  libshutdown2.o(.ARM.Collect$$libshutdown$$00000009)
    .ARM.Collect$$libshutdown$$0000000B      0x08000166   Section        0  libshutdown2.o(.ARM.Collect$$libshutdown$$0000000B)
    .ARM.Collect$$libshutdown$$0000000E      0x08000166   Section        0  libshutdown2.o(.ARM.Collect$$libshutdown$$0000000E)
    .ARM.Collect$$libshutdown$$0000000F      0x08000166   Section        2  libshutdown2.o(.ARM.Collect$$libshutdown$$0000000F)
    .ARM.Collect$$rtentry$$00000000          0x08000168   Section        0  rtentry.o(.ARM.Collect$$rtentry$$00000000)
    .ARM.Collect$$rtentry$$00000002          0x08000168   Section        0  rtentry2.o(.ARM.Collect$$rtentry$$00000002)
    .ARM.Collect$$rtentry$$00000004          0x08000168   Section        6  rtentry4.o(.ARM.Collect$$rtentry$$00000004)
    .ARM.Collect$$rtentry$$00000009          0x0800016e   Section        0  rtentry2.o(.ARM.Collect$$rtentry$$00000009)
    .ARM.Collect$$rtentry$$0000000A          0x0800016e   Section        4  rtentry2.o(.ARM.Collect$$rtentry$$0000000A)
    .ARM.Collect$$rtentry$$0000000C          0x08000172   Section        0  rtentry2.o(.ARM.Collect$$rtentry$$0000000C)
    .ARM.Collect$$rtentry$$0000000D          0x08000172   Section        8  rtentry2.o(.ARM.Collect$$rtentry$$0000000D)
    .ARM.Collect$$rtexit$$00000000           0x0800017a   Section        2  rtexit.o(.ARM.Collect$$rtexit$$00000000)
    .ARM.Collect$$rtexit$$00000002           0x0800017c   Section        0  rtexit2.o(.ARM.Collect$$rtexit$$00000002)
    .ARM.Collect$$rtexit$$00000003           0x0800017c   Section        4  rtexit2.o(.ARM.Collect$$rtexit$$00000003)
    .ARM.Collect$$rtexit$$00000004           0x08000180   Section        6  rtexit2.o(.ARM.Collect$$rtexit$$00000004)
    .text                                    0x08000188   Section       56  startup_stm32f10x_md.o(.text)
    .text                                    0x080001c0   Section        0  misc.o(.text)
    .text                                    0x0800029c   Section        0  stm32f10x_adc.o(.text)
    .text                                    0x080006ec   Section        0  stm32f10x_dma.o(.text)
    .text                                    0x0800093c   Section        0  stm32f10x_exti.o(.text)
    .text                                    0x08000a58   Section        0  stm32f10x_flash.o(.text)
    .text                                    0x08001014   Section        0  stm32f10x_gpio.o(.text)
    .text                                    0x0800136c   Section        0  stm32f10x_i2c.o(.text)
    .text                                    0x08001770   Section        0  stm32f10x_pwr.o(.text)
    .text                                    0x0800183c   Section        0  stm32f10x_rcc.o(.text)
    .text                                    0x08001be0   Section        0  stm32f10x_spi.o(.text)
    .text                                    0x08001eec   Section        0  stm32f10x_tim.o(.text)
    TI4_Config                               0x08002393   Thumb Code   130  stm32f10x_tim.o(.text)
    TI3_Config                               0x08002427   Thumb Code   122  stm32f10x_tim.o(.text)
    TI2_Config                               0x080024bb   Thumb Code   130  stm32f10x_tim.o(.text)
    TI1_Config                               0x0800254f   Thumb Code   108  stm32f10x_tim.o(.text)
    .text                                    0x08002d08   Section        0  stm32f10x_usart.o(.text)
    .text                                    0x08003110   Section        0  main.o(.text)
    .text                                    0x08003130   Section        0  manage.o(.text)
    .text                                    0x0800341c   Section        0  gui.o(.text)
    DispSet                                  0x0800341d   Thumb Code   236  gui.o(.text)
    DispInf                                  0x08003509   Thumb Code   228  gui.o(.text)
    DispLed                                  0x080035ed   Thumb Code   424  gui.o(.text)
    DispSetMenu                              0x08003795   Thumb Code    42  gui.o(.text)
    DispInfMenu                              0x080037bf   Thumb Code    42  gui.o(.text)
    DispLedMenu                              0x080037e9   Thumb Code    76  gui.o(.text)
    DispMain                                 0x08003835   Thumb Code   116  gui.o(.text)
    Slip                                     0x080038a9   Thumb Code   184  gui.o(.text)
    DirectTo                                 0x080039b9   Thumb Code    22  gui.o(.text)
    KeySet                                   0x080039cf   Thumb Code   670  gui.o(.text)
    KeyInf                                   0x08003c6d   Thumb Code    76  gui.o(.text)
    KeyLed                                   0x08003cb9   Thumb Code  1154  gui.o(.text)
    SlipTo                                   0x0800413b   Thumb Code    16  gui.o(.text)
    KeySetMenu                               0x0800414b   Thumb Code   134  gui.o(.text)
    KeyInfMenu                               0x080041d1   Thumb Code    74  gui.o(.text)
    KeyLedMenu                               0x0800421b   Thumb Code   238  gui.o(.text)
    KeyMain                                  0x08004309   Thumb Code    50  gui.o(.text)
    .text                                    0x0800477c   Section        0  task.o(.text)
    Task1ms                                  0x0800477d   Thumb Code    46  task.o(.text)
    Task4ms_sub1                             0x080047ab   Thumb Code    10  task.o(.text)
    Task4ms_sub2                             0x080047b5   Thumb Code     2  task.o(.text)
    Task8ms_sub1                             0x080047b7   Thumb Code     2  task.o(.text)
    Task8ms_sub2                             0x080047b9   Thumb Code    22  task.o(.text)
    Task20ms                                 0x080047cf   Thumb Code    10  task.o(.text)
    Task100ms                                0x080047d9   Thumb Code    56  task.o(.text)
    Task1s                                   0x08004811   Thumb Code    16  task.o(.text)
    .text                                    0x08004914   Section        0  widget.o(.text)
    DispClockFul                             0x08004923   Thumb Code    52  widget.o(.text)
    DispClockSet                             0x08004957   Thumb Code   832  widget.o(.text)
    DispClockDat                             0x08004c97   Thumb Code    64  widget.o(.text)
    DispClockBig                             0x08004cd7   Thumb Code   456  widget.o(.text)
    num2string                               0x08004f4f   Thumb Code   280  widget.o(.text)
    .text                                    0x0800528c   Section        0  protocol.o(.text)
    msgDec                                   0x0800528d   Thumb Code   628  protocol.o(.text)
    .text                                    0x0800554c   Section        0  power.o(.text)
    PrepareWake                              0x0800554d   Thumb Code    10  power.o(.text)
    PrepareSleep                             0x08005557   Thumb Code    24  power.o(.text)
    .text                                    0x080055e8   Section        0  bsp.o(.text)
    .text                                    0x08005620   Section        0  bsprtc.o(.text)
    .text                                    0x080059e8   Section        0  bsptemp.o(.text)
    .text                                    0x08005a8c   Section        0  bspble.o(.text)
    .text                                    0x08005cf4   Section        0  bspbattery.o(.text)
    GetBatLvl                                0x08005cf5   Thumb Code   216  bspbattery.o(.text)
    .text                                    0x08005e78   Section        0  bspkey.o(.text)
    .text                                    0x0800606c   Section        0  bspoled.o(.text)
    OledWriteCmd                             0x0800606d   Thumb Code    98  bspoled.o(.text)
    OledSetPosition                          0x080060cf   Thumb Code    40  bspoled.o(.text)
    OledGpioInit                             0x0800613d   Thumb Code    38  bspoled.o(.text)
    addDataToBuf                             0x080062e3   Thumb Code   488  bspoled.o(.text)
    OledShowChar                             0x08006567   Thumb Code    68  bspoled.o(.text)
    .text                                    0x080065e8   Section        0  bspled.o(.text)
    .text                                    0x08006778   Section        0  bsptimer.o(.text)
    .text                                    0x080067f8   Section        0  stm32_systick.o(.text)
    .text                                    0x080068c4   Section        0  stm32_pwm.o(.text)
    .text                                    0x080069e0   Section        0  stm32_i2c.o(.text)
    .text                                    0x080070e8   Section        0  stm32_adc.o(.text)
    .text                                    0x08007224   Section        0  stm32_uart.o(.text)
    .text                                    0x080073d0   Section        0  stm32_rcc.o(.text)
    .text                                    0x08007414   Section        0  stm32_spi.o(.text)
    .text                                    0x08007530   Section        0  strlen.o(.text)
    .text                                    0x0800756e   Section      138  rt_memcpy_v6.o(.text)
    .text                                    0x080075f8   Section      100  rt_memcpy_w.o(.text)
    .text                                    0x0800765c   Section        0  heapauxi.o(.text)
    .text                                    0x08007662   Section       74  sys_stackheap_outer.o(.text)
    .text                                    0x080076ac   Section        0  exit.o(.text)
    .text                                    0x080076b8   Section        8  libspace.o(.text)
    .text                                    0x080076c0   Section        0  sys_exit.o(.text)
    .text                                    0x080076cc   Section        2  use_no_semi.o(.text)
    .constdata                               0x080076ce   Section     4276  picture.o(.constdata)
    .text                                    0x080076ce   Section        0  indicate_semi.o(.text)
    .constdata                               0x08008782   Section      558  bspoledfont.o(.constdata)
    .constdata                               0x080089b0   Section       16  bspoled.o(.constdata)
    offsetLine                               0x080089b0   Data          16  bspoled.o(.constdata)
    .data                                    0x20000000   Section       20  stm32f10x_rcc.o(.data)
    APBAHBPrescTable                         0x20000000   Data          16  stm32f10x_rcc.o(.data)
    ADCPrescTable                            0x20000010   Data           4  stm32f10x_rcc.o(.data)
    .data                                    0x20000014   Section        6  manage.o(.data)
    cnt                                      0x20000014   Data           1  manage.o(.data)
    preBatChrg                               0x20000015   Data           1  manage.o(.data)
    preBatFull                               0x20000016   Data           1  manage.o(.data)
    preBleStt                                0x20000017   Data           1  manage.o(.data)
    preBleConn                               0x20000018   Data           1  manage.o(.data)
    preLedDlyEn                              0x20000019   Data           1  manage.o(.data)
    .data                                    0x2000001a   Section       12  gui.o(.data)
    timeSet                                  0x2000001a   Data           7  gui.o(.data)
    preOffset                                0x20000022   Data           2  gui.o(.data)
    preLedStt                                0x20000024   Data           1  gui.o(.data)
    prePage                                  0x20000025   Data           1  gui.o(.data)
    .data                                    0x20000026   Section        5  task.o(.data)
    s4msReq                                  0x20000026   Data           1  task.o(.data)
    s8msReq                                  0x20000027   Data           1  task.o(.data)
    s20msReq                                 0x20000028   Data           1  task.o(.data)
    s100msReq                                0x20000029   Data           1  task.o(.data)
    s1sReq                                   0x2000002a   Data           1  task.o(.data)
    .data                                    0x2000002b   Section        1  widget.o(.data)
    num                                      0x2000002b   Data           1  widget.o(.data)
    .data                                    0x2000002c   Section        2  power.o(.data)
    .data                                    0x2000002e   Section        6  bsptemp.o(.data)
    .data                                    0x20000034   Section        4  bspbattery.o(.data)
    .data                                    0x20000038   Section        8  bspkey.o(.data)
    fltCnt                                   0x20000038   Data           2  bspkey.o(.data)
    longCnt                                  0x2000003a   Data           2  bspkey.o(.data)
    lastKeyPress                             0x2000003c   Data           1  bspkey.o(.data)
    .data                                    0x20000040   Section        1  bspoled.o(.data)
    i                                        0x20000040   Data           1  bspoled.o(.data)
    .data                                    0x20000041   Section        3  bspled.o(.data)
    secCnt                                   0x20000041   Data           1  bspled.o(.data)
    breathCnt                                0x20000042   Data           1  bspled.o(.data)
    breathDir                                0x20000043   Data           1  bspled.o(.data)
    .data                                    0x20000044   Section        1  bsptimer.o(.data)
    .data                                    0x20000046   Section        6  stm32_pwm.o(.data)
    pwmCh1Old                                0x20000046   Data           2  stm32_pwm.o(.data)
    pwmCh2Old                                0x20000048   Data           2  stm32_pwm.o(.data)
    pwmCh3Old                                0x2000004a   Data           2  stm32_pwm.o(.data)
    .data                                    0x2000004c   Section        5  stm32_i2c.o(.data)
    I2cProc                                  0x2000004c   Data           5  stm32_i2c.o(.data)
    .data                                    0x20000051   Section        1  stm32_spi.o(.data)
    .bss                                     0x20000054   Section       44  manage.o(.bss)
    .bss                                     0x20000080   Section      616  gui.o(.bss)
    preLedSet                                0x200002d0   Data          24  gui.o(.bss)
    .bss                                     0x200002e8   Section       30  widget.o(.bss)
    tempShow                                 0x200002e8   Data          30  widget.o(.bss)
    .bss                                     0x20000306   Section       24  bsprtc.o(.bss)
    .bss                                     0x20000320   Section      352  bspble.o(.bss)
    .bss                                     0x20000480   Section     1152  bspoled.o(.bss)
    .bss                                     0x20000900   Section       24  bspled.o(.bss)
    .bss                                     0x20000918   Section       12  stm32_systick.o(.bss)
    .bss                                     0x20000924   Section       61  stm32_i2c.o(.bss)
    .bss                                     0x20000962   Section       32  stm32_adc.o(.bss)
    adcBuffer                                0x20000962   Data          32  stm32_adc.o(.bss)
    .bss                                     0x20000982   Section      404  stm32_uart.o(.bss)
    .bss                                     0x20000b18   Section       96  libspace.o(.bss)
    HEAP                                     0x20000b78   Section      512  startup_stm32f10x_md.o(HEAP)
    Heap_Mem                                 0x20000b78   Data         512  startup_stm32f10x_md.o(HEAP)
    STACK                                    0x20000d78   Section     1024  startup_stm32f10x_md.o(STACK)
    Stack_Mem                                0x20000d78   Data        1024  startup_stm32f10x_md.o(STACK)
    __initial_sp                             0x20001178   Data           0  startup_stm32f10x_md.o(STACK)

    Global Symbols

    Symbol Name                              Value     Ov Type        Size  Object(Section)

    BuildAttributes$$THM_ISAv4$P$D$K$B$S$PE$A:L22UL41UL21$X:L11$S22US41US21$IEEE1$IW$USESV6$~STKCKD$USESV7$~SHL$OSPACE$ROPI$EBA8$UX$STANDARDLIB$REQ8$PRES8$EABIv2 0x00000000   Number         0  anon$$obj.o ABSOLUTE
    __ARM_use_no_argv                        0x00000000   Number         0  main.o ABSOLUTE
    __ARM_exceptions_init                     - Undefined Weak Reference
    __alloca_initialize                       - Undefined Weak Reference
    __cpp_initialize__aeabi_                  - Undefined Weak Reference
    __cxa_finalize                            - Undefined Weak Reference
    __rt_locale                               - Undefined Weak Reference
    __sigvec_lookup                           - Undefined Weak Reference
    _atexit_init                              - Undefined Weak Reference
    _call_atexit_fns                          - Undefined Weak Reference
    _clock_init                               - Undefined Weak Reference
    _fp_trap_init                             - Undefined Weak Reference
    _fp_trap_shutdown                         - Undefined Weak Reference
    _get_lc_collate                           - Undefined Weak Reference
    _get_lc_ctype                             - Undefined Weak Reference
    _get_lc_monetary                          - Undefined Weak Reference
    _get_lc_numeric                           - Undefined Weak Reference
    _get_lc_time                              - Undefined Weak Reference
    _getenv_init                              - Undefined Weak Reference
    _handle_redirection                       - Undefined Weak Reference
    _init_alloc                               - Undefined Weak Reference
    _init_user_alloc                          - Undefined Weak Reference
    _initio                                   - Undefined Weak Reference
    _rand_init                                - Undefined Weak Reference
    _signal_finish                            - Undefined Weak Reference
    _signal_init                              - Undefined Weak Reference
    _terminate_alloc                          - Undefined Weak Reference
    _terminate_user_alloc                     - Undefined Weak Reference
    _terminateio                              - Undefined Weak Reference
    __Vectors_Size                           0x000000ec   Number         0  startup_stm32f10x_md.o ABSOLUTE
    __Vectors                                0x08000000   Data           4  startup_stm32f10x_md.o(RESET)
    __Vectors_End                            0x080000ec   Data           0  startup_stm32f10x_md.o(RESET)
    __main                                   0x080000ed   Thumb Code     8  __main.o(!!!main)
    __scatterload                            0x080000f5   Thumb Code     0  __scatter.o(!!!scatter)
    __scatterload_rt2                        0x080000f5   Thumb Code    44  __scatter.o(!!!scatter)
    __scatterload_rt2_thumb_only             0x080000f5   Thumb Code     0  __scatter.o(!!!scatter)
    __scatterload_null                       0x08000103   Thumb Code     0  __scatter.o(!!!scatter)
    __scatterload_copy                       0x08000129   Thumb Code    26  __scatter_copy.o(!!handler_copy)
    __scatterload_zeroinit                   0x08000145   Thumb Code    28  __scatter_zi.o(!!handler_zi)
    __rt_lib_init                            0x08000161   Thumb Code     0  libinit.o(.ARM.Collect$$libinit$$00000000)
    __rt_lib_init_alloca_1                   0x08000163   Thumb Code     0  libinit2.o(.ARM.Collect$$libinit$$0000002C)
    __rt_lib_init_argv_1                     0x08000163   Thumb Code     0  libinit2.o(.ARM.Collect$$libinit$$0000002A)
    __rt_lib_init_atexit_1                   0x08000163   Thumb Code     0  libinit2.o(.ARM.Collect$$libinit$$00000019)
    __rt_lib_init_clock_1                    0x08000163   Thumb Code     0  libinit2.o(.ARM.Collect$$libinit$$0000001F)
    __rt_lib_init_cpp_1                      0x08000163   Thumb Code     0  libinit2.o(.ARM.Collect$$libinit$$00000030)
    __rt_lib_init_exceptions_1               0x08000163   Thumb Code     0  libinit2.o(.ARM.Collect$$libinit$$0000002E)
    __rt_lib_init_fp_1                       0x08000163   Thumb Code     0  libinit2.o(.ARM.Collect$$libinit$$00000002)
    __rt_lib_init_fp_trap_1                  0x08000163   Thumb Code     0  libinit2.o(.ARM.Collect$$libinit$$0000001D)
    __rt_lib_init_getenv_1                   0x08000163   Thumb Code     0  libinit2.o(.ARM.Collect$$libinit$$00000021)
    __rt_lib_init_heap_1                     0x08000163   Thumb Code     0  libinit2.o(.ARM.Collect$$libinit$$00000008)
    __rt_lib_init_lc_collate_1               0x08000163   Thumb Code     0  libinit2.o(.ARM.Collect$$libinit$$0000000F)
    __rt_lib_init_lc_ctype_1                 0x08000163   Thumb Code     0  libinit2.o(.ARM.Collect$$libinit$$00000011)
    __rt_lib_init_lc_monetary_1              0x08000163   Thumb Code     0  libinit2.o(.ARM.Collect$$libinit$$00000013)
    __rt_lib_init_lc_numeric_1               0x08000163   Thumb Code     0  libinit2.o(.ARM.Collect$$libinit$$00000015)
    __rt_lib_init_lc_time_1                  0x08000163   Thumb Code     0  libinit2.o(.ARM.Collect$$libinit$$00000017)
    __rt_lib_init_rand_1                     0x08000163   Thumb Code     0  libinit2.o(.ARM.Collect$$libinit$$0000000C)
    __rt_lib_init_return                     0x08000163   Thumb Code     0  libinit2.o(.ARM.Collect$$libinit$$00000031)
    __rt_lib_init_signal_1                   0x08000163   Thumb Code     0  libinit2.o(.ARM.Collect$$libinit$$0000001B)
    __rt_lib_init_stdio_1                    0x08000163   Thumb Code     0  libinit2.o(.ARM.Collect$$libinit$$00000023)
    __rt_lib_init_user_alloc_1               0x08000163   Thumb Code     0  libinit2.o(.ARM.Collect$$libinit$$0000000A)
    __rt_lib_shutdown                        0x08000165   Thumb Code     0  libshutdown.o(.ARM.Collect$$libshutdown$$00000000)
    __rt_lib_shutdown_fp_trap_1              0x08000167   Thumb Code     0  libshutdown2.o(.ARM.Collect$$libshutdown$$00000006)
    __rt_lib_shutdown_heap_1                 0x08000167   Thumb Code     0  libshutdown2.o(.ARM.Collect$$libshutdown$$0000000E)
    __rt_lib_shutdown_return                 0x08000167   Thumb Code     0  libshutdown2.o(.ARM.Collect$$libshutdown$$0000000F)
    __rt_lib_shutdown_signal_1               0x08000167   Thumb Code     0  libshutdown2.o(.ARM.Collect$$libshutdown$$00000009)
    __rt_lib_shutdown_stdio_1                0x08000167   Thumb Code     0  libshutdown2.o(.ARM.Collect$$libshutdown$$00000003)
    __rt_lib_shutdown_user_alloc_1           0x08000167   Thumb Code     0  libshutdown2.o(.ARM.Collect$$libshutdown$$0000000B)
    __rt_entry                               0x08000169   Thumb Code     0  rtentry.o(.ARM.Collect$$rtentry$$00000000)
    __rt_entry_presh_1                       0x08000169   Thumb Code     0  rtentry2.o(.ARM.Collect$$rtentry$$00000002)
    __rt_entry_sh                            0x08000169   Thumb Code     0  rtentry4.o(.ARM.Collect$$rtentry$$00000004)
    __rt_entry_li                            0x0800016f   Thumb Code     0  rtentry2.o(.ARM.Collect$$rtentry$$0000000A)
    __rt_entry_postsh_1                      0x0800016f   Thumb Code     0  rtentry2.o(.ARM.Collect$$rtentry$$00000009)
    __rt_entry_main                          0x08000173   Thumb Code     0  rtentry2.o(.ARM.Collect$$rtentry$$0000000D)
    __rt_entry_postli_1                      0x08000173   Thumb Code     0  rtentry2.o(.ARM.Collect$$rtentry$$0000000C)
    __rt_exit                                0x0800017b   Thumb Code     0  rtexit.o(.ARM.Collect$$rtexit$$00000000)
    __rt_exit_ls                             0x0800017d   Thumb Code     0  rtexit2.o(.ARM.Collect$$rtexit$$00000003)
    __rt_exit_prels_1                        0x0800017d   Thumb Code     0  rtexit2.o(.ARM.Collect$$rtexit$$00000002)
    __rt_exit_exit                           0x08000181   Thumb Code     0  rtexit2.o(.ARM.Collect$$rtexit$$00000004)
    Reset_Handler                            0x08000189   Thumb Code     4  startup_stm32f10x_md.o(.text)
    NMI_Handler                              0x0800018d   Thumb Code     2  startup_stm32f10x_md.o(.text)
    HardFault_Handler                        0x0800018f   Thumb Code     2  startup_stm32f10x_md.o(.text)
    MemManage_Handler                        0x08000191   Thumb Code     2  startup_stm32f10x_md.o(.text)
    BusFault_Handler                         0x08000193   Thumb Code     2  startup_stm32f10x_md.o(.text)
    UsageFault_Handler                       0x08000195   Thumb Code     2  startup_stm32f10x_md.o(.text)
    SVC_Handler                              0x08000197   Thumb Code     2  startup_stm32f10x_md.o(.text)
    DebugMon_Handler                         0x08000199   Thumb Code     2  startup_stm32f10x_md.o(.text)
    PendSV_Handler                           0x0800019b   Thumb Code     2  startup_stm32f10x_md.o(.text)
    SysTick_Handler                          0x0800019d   Thumb Code     2  startup_stm32f10x_md.o(.text)
    ADC1_2_IRQHandler                        0x0800019f   Thumb Code     0  startup_stm32f10x_md.o(.text)
    CAN1_RX1_IRQHandler                      0x0800019f   Thumb Code     0  startup_stm32f10x_md.o(.text)
    CAN1_SCE_IRQHandler                      0x0800019f   Thumb Code     0  startup_stm32f10x_md.o(.text)
    DMA1_Channel1_IRQHandler                 0x0800019f   Thumb Code     0  startup_stm32f10x_md.o(.text)
    DMA1_Channel2_IRQHandler                 0x0800019f   Thumb Code     0  startup_stm32f10x_md.o(.text)
    DMA1_Channel3_IRQHandler                 0x0800019f   Thumb Code     0  startup_stm32f10x_md.o(.text)
    DMA1_Channel4_IRQHandler                 0x0800019f   Thumb Code     0  startup_stm32f10x_md.o(.text)
    DMA1_Channel5_IRQHandler                 0x0800019f   Thumb Code     0  startup_stm32f10x_md.o(.text)
    EXTI0_IRQHandler                         0x0800019f   Thumb Code     0  startup_stm32f10x_md.o(.text)
    EXTI2_IRQHandler                         0x0800019f   Thumb Code     0  startup_stm32f10x_md.o(.text)
    EXTI3_IRQHandler                         0x0800019f   Thumb Code     0  startup_stm32f10x_md.o(.text)
    EXTI4_IRQHandler                         0x0800019f   Thumb Code     0  startup_stm32f10x_md.o(.text)
    FLASH_IRQHandler                         0x0800019f   Thumb Code     0  startup_stm32f10x_md.o(.text)
    I2C2_ER_IRQHandler                       0x0800019f   Thumb Code     0  startup_stm32f10x_md.o(.text)
    I2C2_EV_IRQHandler                       0x0800019f   Thumb Code     0  startup_stm32f10x_md.o(.text)
    PVD_IRQHandler                           0x0800019f   Thumb Code     0  startup_stm32f10x_md.o(.text)
    RCC_IRQHandler                           0x0800019f   Thumb Code     0  startup_stm32f10x_md.o(.text)
    RTCAlarm_IRQHandler                      0x0800019f   Thumb Code     0  startup_stm32f10x_md.o(.text)
    RTC_IRQHandler                           0x0800019f   Thumb Code     0  startup_stm32f10x_md.o(.text)
    SPI1_IRQHandler                          0x0800019f   Thumb Code     0  startup_stm32f10x_md.o(.text)
    SPI2_IRQHandler                          0x0800019f   Thumb Code     0  startup_stm32f10x_md.o(.text)
    TAMPER_IRQHandler                        0x0800019f   Thumb Code     0  startup_stm32f10x_md.o(.text)
    TIM1_BRK_IRQHandler                      0x0800019f   Thumb Code     0  startup_stm32f10x_md.o(.text)
    TIM1_CC_IRQHandler                       0x0800019f   Thumb Code     0  startup_stm32f10x_md.o(.text)
    TIM1_TRG_COM_IRQHandler                  0x0800019f   Thumb Code     0  startup_stm32f10x_md.o(.text)
    TIM1_UP_IRQHandler                       0x0800019f   Thumb Code     0  startup_stm32f10x_md.o(.text)
    TIM3_IRQHandler                          0x0800019f   Thumb Code     0  startup_stm32f10x_md.o(.text)
    TIM4_IRQHandler                          0x0800019f   Thumb Code     0  startup_stm32f10x_md.o(.text)
    USART1_IRQHandler                        0x0800019f   Thumb Code     0  startup_stm32f10x_md.o(.text)
    USART2_IRQHandler                        0x0800019f   Thumb Code     0  startup_stm32f10x_md.o(.text)
    USART3_IRQHandler                        0x0800019f   Thumb Code     0  startup_stm32f10x_md.o(.text)
    USBWakeUp_IRQHandler                     0x0800019f   Thumb Code     0  startup_stm32f10x_md.o(.text)
    USB_HP_CAN1_TX_IRQHandler                0x0800019f   Thumb Code     0  startup_stm32f10x_md.o(.text)
    USB_LP_CAN1_RX0_IRQHandler               0x0800019f   Thumb Code     0  startup_stm32f10x_md.o(.text)
    WWDG_IRQHandler                          0x0800019f   Thumb Code     0  startup_stm32f10x_md.o(.text)
    __user_initial_stackheap                 0x080001a1   Thumb Code     0  startup_stm32f10x_md.o(.text)
    NVIC_PriorityGroupConfig                 0x080001c1   Thumb Code    10  misc.o(.text)
    NVIC_Init                                0x080001cb   Thumb Code   102  misc.o(.text)
    NVIC_SetVectorTable                      0x08000231   Thumb Code    14  misc.o(.text)
    NVIC_SystemLPConfig                      0x0800023f   Thumb Code    34  misc.o(.text)
    SysTick_CLKSourceConfig                  0x08000261   Thumb Code    40  misc.o(.text)
    ADC_DeInit                               0x0800029d   Thumb Code    78  stm32f10x_adc.o(.text)
    ADC_Init                                 0x080002eb   Thumb Code    70  stm32f10x_adc.o(.text)
    ADC_StructInit                           0x08000331   Thumb Code    18  stm32f10x_adc.o(.text)
    ADC_Cmd                                  0x08000343   Thumb Code    22  stm32f10x_adc.o(.text)
    ADC_DMACmd                               0x08000359   Thumb Code    22  stm32f10x_adc.o(.text)
    ADC_ITConfig                             0x0800036f   Thumb Code    24  stm32f10x_adc.o(.text)
    ADC_ResetCalibration                     0x08000387   Thumb Code    10  stm32f10x_adc.o(.text)
    ADC_GetResetCalibrationStatus            0x08000391   Thumb Code    20  stm32f10x_adc.o(.text)
    ADC_StartCalibration                     0x080003a5   Thumb Code    10  stm32f10x_adc.o(.text)
    ADC_GetCalibrationStatus                 0x080003af   Thumb Code    20  stm32f10x_adc.o(.text)
    ADC_SoftwareStartConvCmd                 0x080003c3   Thumb Code    22  stm32f10x_adc.o(.text)
    ADC_GetSoftwareStartConvStatus           0x080003d9   Thumb Code    20  stm32f10x_adc.o(.text)
    ADC_DiscModeChannelCountConfig           0x080003ed   Thumb Code    24  stm32f10x_adc.o(.text)
    ADC_DiscModeCmd                          0x08000405   Thumb Code    22  stm32f10x_adc.o(.text)
    ADC_RegularChannelConfig                 0x0800041b   Thumb Code   184  stm32f10x_adc.o(.text)
    ADC_ExternalTrigConvCmd                  0x080004d3   Thumb Code    22  stm32f10x_adc.o(.text)
    ADC_GetConversionValue                   0x080004e9   Thumb Code     8  stm32f10x_adc.o(.text)
    ADC_GetDualModeConversionValue           0x080004f1   Thumb Code     8  stm32f10x_adc.o(.text)
    ADC_AutoInjectedConvCmd                  0x080004f9   Thumb Code    22  stm32f10x_adc.o(.text)
    ADC_InjectedDiscModeCmd                  0x0800050f   Thumb Code    22  stm32f10x_adc.o(.text)
    ADC_ExternalTrigInjectedConvConfig       0x08000525   Thumb Code    16  stm32f10x_adc.o(.text)
    ADC_ExternalTrigInjectedConvCmd          0x08000535   Thumb Code    22  stm32f10x_adc.o(.text)
    ADC_SoftwareStartInjectedConvCmd         0x0800054b   Thumb Code    22  stm32f10x_adc.o(.text)
    ADC_GetSoftwareStartInjectedConvCmdStatus 0x08000561   Thumb Code    20  stm32f10x_adc.o(.text)
    ADC_InjectedChannelConfig                0x08000575   Thumb Code   130  stm32f10x_adc.o(.text)
    ADC_InjectedSequencerLengthConfig        0x080005f7   Thumb Code    24  stm32f10x_adc.o(.text)
    ADC_SetInjectedOffset                    0x0800060f   Thumb Code    20  stm32f10x_adc.o(.text)
    ADC_GetInjectedConversionValue           0x08000623   Thumb Code    28  stm32f10x_adc.o(.text)
    ADC_AnalogWatchdogCmd                    0x0800063f   Thumb Code    16  stm32f10x_adc.o(.text)
    ADC_AnalogWatchdogThresholdsConfig       0x0800064f   Thumb Code     6  stm32f10x_adc.o(.text)
    ADC_AnalogWatchdogSingleChannelConfig    0x08000655   Thumb Code    16  stm32f10x_adc.o(.text)
    ADC_TempSensorVrefintCmd                 0x08000665   Thumb Code    64  stm32f10x_adc.o(.text)
    ADC_GetFlagStatus                        0x080006a5   Thumb Code    18  stm32f10x_adc.o(.text)
    ADC_ClearFlag                            0x080006b7   Thumb Code     6  stm32f10x_adc.o(.text)
    ADC_GetITStatus                          0x080006bd   Thumb Code    36  stm32f10x_adc.o(.text)
    ADC_ClearITPendingBit                    0x080006e1   Thumb Code    10  stm32f10x_adc.o(.text)
    DMA_DeInit                               0x080006ed   Thumb Code   324  stm32f10x_dma.o(.text)
    DMA_Init                                 0x08000831   Thumb Code    60  stm32f10x_dma.o(.text)
    DMA_StructInit                           0x0800086d   Thumb Code    26  stm32f10x_dma.o(.text)
    DMA_Cmd                                  0x08000887   Thumb Code    24  stm32f10x_dma.o(.text)
    DMA_ITConfig                             0x0800089f   Thumb Code    18  stm32f10x_dma.o(.text)
    DMA_SetCurrDataCounter                   0x080008b1   Thumb Code     4  stm32f10x_dma.o(.text)
    DMA_GetCurrDataCounter                   0x080008b5   Thumb Code     8  stm32f10x_dma.o(.text)
    DMA_GetFlagStatus                        0x080008bd   Thumb Code    38  stm32f10x_dma.o(.text)
    DMA_ClearFlag                            0x080008e3   Thumb Code    22  stm32f10x_dma.o(.text)
    DMA_GetITStatus                          0x080008f9   Thumb Code    38  stm32f10x_dma.o(.text)
    DMA_ClearITPendingBit                    0x0800091f   Thumb Code    22  stm32f10x_dma.o(.text)
    EXTI_DeInit                              0x0800093d   Thumb Code    28  stm32f10x_exti.o(.text)
    EXTI_Init                                0x08000959   Thumb Code   142  stm32f10x_exti.o(.text)
    EXTI_StructInit                          0x080009e7   Thumb Code    16  stm32f10x_exti.o(.text)
    EXTI_GenerateSWInterrupt                 0x080009f7   Thumb Code    16  stm32f10x_exti.o(.text)
    EXTI_GetFlagStatus                       0x08000a07   Thumb Code    22  stm32f10x_exti.o(.text)
    EXTI_ClearFlag                           0x08000a1d   Thumb Code     8  stm32f10x_exti.o(.text)
    EXTI_GetITStatus                         0x08000a25   Thumb Code    34  stm32f10x_exti.o(.text)
    EXTI_ClearITPendingBit                   0x08000a47   Thumb Code     8  stm32f10x_exti.o(.text)
    FLASH_SetLatency                         0x08000a59   Thumb Code    18  stm32f10x_flash.o(.text)
    FLASH_HalfCycleAccessCmd                 0x08000a6b   Thumb Code    22  stm32f10x_flash.o(.text)
    FLASH_PrefetchBufferCmd                  0x08000a81   Thumb Code    22  stm32f10x_flash.o(.text)
    FLASH_Unlock                             0x08000a97   Thumb Code    12  stm32f10x_flash.o(.text)
    FLASH_UnlockBank1                        0x08000aa3   Thumb Code    12  stm32f10x_flash.o(.text)
    FLASH_Lock                               0x08000aaf   Thumb Code    14  stm32f10x_flash.o(.text)
    FLASH_LockBank1                          0x08000abd   Thumb Code    14  stm32f10x_flash.o(.text)
    FLASH_GetBank1Status                     0x08000acb   Thumb Code    48  stm32f10x_flash.o(.text)
    FLASH_WaitForLastOperation               0x08000afb   Thumb Code    38  stm32f10x_flash.o(.text)
    FLASH_ErasePage                          0x08000b21   Thumb Code    72  stm32f10x_flash.o(.text)
    FLASH_EraseAllPages                      0x08000b69   Thumb Code    68  stm32f10x_flash.o(.text)
    FLASH_WaitForLastBank1Operation          0x08000bad   Thumb Code    38  stm32f10x_flash.o(.text)
    FLASH_EraseAllBank1Pages                 0x08000bd3   Thumb Code    68  stm32f10x_flash.o(.text)
    FLASH_GetReadOutProtectionStatus         0x08000c17   Thumb Code    20  stm32f10x_flash.o(.text)
    FLASH_EraseOptionBytes                   0x08000c2b   Thumb Code   150  stm32f10x_flash.o(.text)
    FLASH_ProgramWord                        0x08000cc1   Thumb Code   102  stm32f10x_flash.o(.text)
    FLASH_ProgramHalfWord                    0x08000d27   Thumb Code    60  stm32f10x_flash.o(.text)
    FLASH_ProgramOptionByteData              0x08000d63   Thumb Code    72  stm32f10x_flash.o(.text)
    FLASH_EnableWriteProtection              0x08000dab   Thumb Code   200  stm32f10x_flash.o(.text)
    FLASH_ReadOutProtection                  0x08000e73   Thumb Code   156  stm32f10x_flash.o(.text)
    FLASH_UserOptionByteConfig               0x08000f0f   Thumb Code    88  stm32f10x_flash.o(.text)
    FLASH_GetUserOptionByte                  0x08000f67   Thumb Code     8  stm32f10x_flash.o(.text)
    FLASH_GetWriteProtectionOptionByte       0x08000f6f   Thumb Code     6  stm32f10x_flash.o(.text)
    FLASH_GetPrefetchBufferStatus            0x08000f75   Thumb Code    20  stm32f10x_flash.o(.text)
    FLASH_ITConfig                           0x08000f89   Thumb Code    26  stm32f10x_flash.o(.text)
    FLASH_GetFlagStatus                      0x08000fa3   Thumb Code    42  stm32f10x_flash.o(.text)
    FLASH_ClearFlag                          0x08000fcd   Thumb Code     6  stm32f10x_flash.o(.text)
    FLASH_GetStatus                          0x08000fd3   Thumb Code    48  stm32f10x_flash.o(.text)
    GPIO_DeInit                              0x08001015   Thumb Code   172  stm32f10x_gpio.o(.text)
    GPIO_AFIODeInit                          0x080010c1   Thumb Code    20  stm32f10x_gpio.o(.text)
    GPIO_Init                                0x080010d5   Thumb Code   274  stm32f10x_gpio.o(.text)
    GPIO_StructInit                          0x080011e7   Thumb Code    16  stm32f10x_gpio.o(.text)
    GPIO_ReadInputDataBit                    0x080011f7   Thumb Code    18  stm32f10x_gpio.o(.text)
    GPIO_ReadInputData                       0x08001209   Thumb Code     8  stm32f10x_gpio.o(.text)
    GPIO_ReadOutputDataBit                   0x08001211   Thumb Code    18  stm32f10x_gpio.o(.text)
    GPIO_ReadOutputData                      0x08001223   Thumb Code     8  stm32f10x_gpio.o(.text)
    GPIO_SetBits                             0x0800122b   Thumb Code     4  stm32f10x_gpio.o(.text)
    GPIO_ResetBits                           0x0800122f   Thumb Code     4  stm32f10x_gpio.o(.text)
    GPIO_WriteBit                            0x08001233   Thumb Code    10  stm32f10x_gpio.o(.text)
    GPIO_Write                               0x0800123d   Thumb Code     4  stm32f10x_gpio.o(.text)
    GPIO_PinLockConfig                       0x08001241   Thumb Code    18  stm32f10x_gpio.o(.text)
    GPIO_EventOutputConfig                   0x08001253   Thumb Code    26  stm32f10x_gpio.o(.text)
    GPIO_EventOutputCmd                      0x0800126d   Thumb Code     6  stm32f10x_gpio.o(.text)
    GPIO_PinRemapConfig                      0x08001273   Thumb Code   138  stm32f10x_gpio.o(.text)
    GPIO_EXTILineConfig                      0x080012fd   Thumb Code    66  stm32f10x_gpio.o(.text)
    GPIO_ETH_MediaInterfaceConfig            0x0800133f   Thumb Code     6  stm32f10x_gpio.o(.text)
    I2C_DeInit                               0x0800136d   Thumb Code    50  stm32f10x_i2c.o(.text)
    I2C_Init                                 0x0800139f   Thumb Code   222  stm32f10x_i2c.o(.text)
    I2C_StructInit                           0x0800147d   Thumb Code    30  stm32f10x_i2c.o(.text)
    I2C_Cmd                                  0x0800149b   Thumb Code    24  stm32f10x_i2c.o(.text)
    I2C_DMACmd                               0x080014b3   Thumb Code    24  stm32f10x_i2c.o(.text)
    I2C_DMALastTransferCmd                   0x080014cb   Thumb Code    24  stm32f10x_i2c.o(.text)
    I2C_GenerateSTART                        0x080014e3   Thumb Code    24  stm32f10x_i2c.o(.text)
    I2C_GenerateSTOP                         0x080014fb   Thumb Code    24  stm32f10x_i2c.o(.text)
    I2C_AcknowledgeConfig                    0x08001513   Thumb Code    24  stm32f10x_i2c.o(.text)
    I2C_OwnAddress2Config                    0x0800152b   Thumb Code    22  stm32f10x_i2c.o(.text)
    I2C_DualAddressCmd                       0x08001541   Thumb Code    24  stm32f10x_i2c.o(.text)
    I2C_GeneralCallCmd                       0x08001559   Thumb Code    24  stm32f10x_i2c.o(.text)
    I2C_ITConfig                             0x08001571   Thumb Code    18  stm32f10x_i2c.o(.text)
    I2C_SendData                             0x08001583   Thumb Code     4  stm32f10x_i2c.o(.text)
    I2C_ReceiveData                          0x08001587   Thumb Code     8  stm32f10x_i2c.o(.text)
    I2C_Send7bitAddress                      0x0800158f   Thumb Code    18  stm32f10x_i2c.o(.text)
    I2C_ReadRegister                         0x080015a1   Thumb Code    22  stm32f10x_i2c.o(.text)
    I2C_SoftwareResetCmd                     0x080015b7   Thumb Code    22  stm32f10x_i2c.o(.text)
    I2C_NACKPositionConfig                   0x080015cd   Thumb Code    28  stm32f10x_i2c.o(.text)
    I2C_SMBusAlertConfig                     0x080015e9   Thumb Code    28  stm32f10x_i2c.o(.text)
    I2C_TransmitPEC                          0x08001605   Thumb Code    24  stm32f10x_i2c.o(.text)
    I2C_PECPositionConfig                    0x0800161d   Thumb Code    28  stm32f10x_i2c.o(.text)
    I2C_CalculatePEC                         0x08001639   Thumb Code    24  stm32f10x_i2c.o(.text)
    I2C_GetPEC                               0x08001651   Thumb Code     8  stm32f10x_i2c.o(.text)
    I2C_ARPCmd                               0x08001659   Thumb Code    24  stm32f10x_i2c.o(.text)
    I2C_StretchClockCmd                      0x08001671   Thumb Code    24  stm32f10x_i2c.o(.text)
    I2C_FastModeDutyCycleConfig              0x08001689   Thumb Code    28  stm32f10x_i2c.o(.text)
    I2C_CheckEvent                           0x080016a5   Thumb Code    42  stm32f10x_i2c.o(.text)
    I2C_GetLastEvent                         0x080016cf   Thumb Code    26  stm32f10x_i2c.o(.text)
    I2C_GetFlagStatus                        0x080016e9   Thumb Code    58  stm32f10x_i2c.o(.text)
    I2C_ClearFlag                            0x08001723   Thumb Code    12  stm32f10x_i2c.o(.text)
    I2C_GetITStatus                          0x0800172f   Thumb Code    54  stm32f10x_i2c.o(.text)
    I2C_ClearITPendingBit                    0x08001765   Thumb Code    12  stm32f10x_i2c.o(.text)
    PWR_DeInit                               0x08001771   Thumb Code    22  stm32f10x_pwr.o(.text)
    PWR_BackupAccessCmd                      0x08001787   Thumb Code     6  stm32f10x_pwr.o(.text)
    PWR_PVDCmd                               0x0800178d   Thumb Code     6  stm32f10x_pwr.o(.text)
    PWR_PVDLevelConfig                       0x08001793   Thumb Code    18  stm32f10x_pwr.o(.text)
    PWR_WakeUpPinCmd                         0x080017a5   Thumb Code     6  stm32f10x_pwr.o(.text)
    PWR_EnterSTOPMode                        0x080017ab   Thumb Code    54  stm32f10x_pwr.o(.text)
    PWR_EnterSTANDBYMode                     0x080017e1   Thumb Code    42  stm32f10x_pwr.o(.text)
    PWR_GetFlagStatus                        0x0800180b   Thumb Code    20  stm32f10x_pwr.o(.text)
    PWR_ClearFlag                            0x0800181f   Thumb Code    14  stm32f10x_pwr.o(.text)
    RCC_DeInit                               0x0800183d   Thumb Code    64  stm32f10x_rcc.o(.text)
    RCC_HSEConfig                            0x0800187d   Thumb Code    70  stm32f10x_rcc.o(.text)
    RCC_GetFlagStatus                        0x080018c3   Thumb Code    56  stm32f10x_rcc.o(.text)
    RCC_WaitForHSEStartUp                    0x080018fb   Thumb Code    56  stm32f10x_rcc.o(.text)
    RCC_AdjustHSICalibrationValue            0x08001933   Thumb Code    20  stm32f10x_rcc.o(.text)
    RCC_HSICmd                               0x08001947   Thumb Code     6  stm32f10x_rcc.o(.text)
    RCC_PLLConfig                            0x0800194d   Thumb Code    24  stm32f10x_rcc.o(.text)
    RCC_PLLCmd                               0x08001965   Thumb Code     6  stm32f10x_rcc.o(.text)
    RCC_SYSCLKConfig                         0x0800196b   Thumb Code    18  stm32f10x_rcc.o(.text)
    RCC_GetSYSCLKSource                      0x0800197d   Thumb Code    10  stm32f10x_rcc.o(.text)
    RCC_HCLKConfig                           0x08001987   Thumb Code    18  stm32f10x_rcc.o(.text)
    RCC_PCLK1Config                          0x08001999   Thumb Code    18  stm32f10x_rcc.o(.text)
    RCC_PCLK2Config                          0x080019ab   Thumb Code    20  stm32f10x_rcc.o(.text)
    RCC_ITConfig                             0x080019bf   Thumb Code    26  stm32f10x_rcc.o(.text)
    RCC_USBCLKConfig                         0x080019d9   Thumb Code     6  stm32f10x_rcc.o(.text)
    RCC_ADCCLKConfig                         0x080019df   Thumb Code    18  stm32f10x_rcc.o(.text)
    RCC_LSEConfig                            0x080019f1   Thumb Code    44  stm32f10x_rcc.o(.text)
    RCC_LSICmd                               0x08001a1d   Thumb Code     6  stm32f10x_rcc.o(.text)
    RCC_RTCCLKConfig                         0x08001a23   Thumb Code    12  stm32f10x_rcc.o(.text)
    RCC_RTCCLKCmd                            0x08001a2f   Thumb Code     8  stm32f10x_rcc.o(.text)
    RCC_GetClocksFreq                        0x08001a37   Thumb Code   192  stm32f10x_rcc.o(.text)
    RCC_AHBPeriphClockCmd                    0x08001af7   Thumb Code    26  stm32f10x_rcc.o(.text)
    RCC_APB2PeriphClockCmd                   0x08001b11   Thumb Code    26  stm32f10x_rcc.o(.text)
    RCC_APB1PeriphClockCmd                   0x08001b2b   Thumb Code    26  stm32f10x_rcc.o(.text)
    RCC_APB2PeriphResetCmd                   0x08001b45   Thumb Code    26  stm32f10x_rcc.o(.text)
    RCC_APB1PeriphResetCmd                   0x08001b5f   Thumb Code    26  stm32f10x_rcc.o(.text)
    RCC_BackupResetCmd                       0x08001b79   Thumb Code     8  stm32f10x_rcc.o(.text)
    RCC_ClockSecuritySystemCmd               0x08001b81   Thumb Code     6  stm32f10x_rcc.o(.text)
    RCC_MCOConfig                            0x08001b87   Thumb Code     6  stm32f10x_rcc.o(.text)
    RCC_ClearFlag                            0x08001b8d   Thumb Code    14  stm32f10x_rcc.o(.text)
    RCC_GetITStatus                          0x08001b9b   Thumb Code    20  stm32f10x_rcc.o(.text)
    RCC_ClearITPendingBit                    0x08001baf   Thumb Code     6  stm32f10x_rcc.o(.text)
    SPI_I2S_DeInit                           0x08001be1   Thumb Code    76  stm32f10x_spi.o(.text)
    SPI_Init                                 0x08001c2d   Thumb Code    60  stm32f10x_spi.o(.text)
    I2S_Init                                 0x08001c69   Thumb Code   226  stm32f10x_spi.o(.text)
    SPI_StructInit                           0x08001d4b   Thumb Code    24  stm32f10x_spi.o(.text)
    I2S_StructInit                           0x08001d63   Thumb Code    20  stm32f10x_spi.o(.text)
    SPI_Cmd                                  0x08001d77   Thumb Code    24  stm32f10x_spi.o(.text)
    I2S_Cmd                                  0x08001d8f   Thumb Code    24  stm32f10x_spi.o(.text)
    SPI_I2S_ITConfig                         0x08001da7   Thumb Code    32  stm32f10x_spi.o(.text)
    SPI_I2S_DMACmd                           0x08001dc7   Thumb Code    18  stm32f10x_spi.o(.text)
    SPI_I2S_SendData                         0x08001dd9   Thumb Code     4  stm32f10x_spi.o(.text)
    SPI_I2S_ReceiveData                      0x08001ddd   Thumb Code     6  stm32f10x_spi.o(.text)
    SPI_NSSInternalSoftwareConfig            0x08001de3   Thumb Code    30  stm32f10x_spi.o(.text)
    SPI_SSOutputCmd                          0x08001e01   Thumb Code    24  stm32f10x_spi.o(.text)
    SPI_DataSizeConfig                       0x08001e19   Thumb Code    18  stm32f10x_spi.o(.text)
    SPI_TransmitCRC                          0x08001e2b   Thumb Code    10  stm32f10x_spi.o(.text)
    SPI_CalculateCRC                         0x08001e35   Thumb Code    24  stm32f10x_spi.o(.text)
    SPI_GetCRC                               0x08001e4d   Thumb Code    16  stm32f10x_spi.o(.text)
    SPI_GetCRCPolynomial                     0x08001e5d   Thumb Code     6  stm32f10x_spi.o(.text)
    SPI_BiDirectionalLineConfig              0x08001e63   Thumb Code    28  stm32f10x_spi.o(.text)
    SPI_I2S_GetFlagStatus                    0x08001e7f   Thumb Code    18  stm32f10x_spi.o(.text)
    SPI_I2S_ClearFlag                        0x08001e91   Thumb Code     6  stm32f10x_spi.o(.text)
    SPI_I2S_GetITStatus                      0x08001e97   Thumb Code    52  stm32f10x_spi.o(.text)
    SPI_I2S_ClearITPendingBit                0x08001ecb   Thumb Code    20  stm32f10x_spi.o(.text)
    TIM_DeInit                               0x08001eed   Thumb Code   424  stm32f10x_tim.o(.text)
    TIM_TimeBaseInit                         0x08002095   Thumb Code   122  stm32f10x_tim.o(.text)
    TIM_OC1Init                              0x0800210f   Thumb Code   132  stm32f10x_tim.o(.text)
    TIM_OC2Init                              0x08002193   Thumb Code   154  stm32f10x_tim.o(.text)
    TIM_OC3Init                              0x0800222d   Thumb Code   150  stm32f10x_tim.o(.text)
    TIM_OC4Init                              0x080022c3   Thumb Code   182  stm32f10x_tim.o(.text)
    TIM_SetIC4Prescaler                      0x08002379   Thumb Code    26  stm32f10x_tim.o(.text)
    TIM_SetIC3Prescaler                      0x08002415   Thumb Code    18  stm32f10x_tim.o(.text)
    TIM_SetIC2Prescaler                      0x080024a1   Thumb Code    26  stm32f10x_tim.o(.text)
    TIM_SetIC1Prescaler                      0x0800253d   Thumb Code    18  stm32f10x_tim.o(.text)
    TIM_ICInit                               0x080025bb   Thumb Code   150  stm32f10x_tim.o(.text)
    TIM_PWMIConfig                           0x08002651   Thumb Code   124  stm32f10x_tim.o(.text)
    TIM_BDTRConfig                           0x080026cd   Thumb Code    32  stm32f10x_tim.o(.text)
    TIM_TimeBaseStructInit                   0x080026ed   Thumb Code    18  stm32f10x_tim.o(.text)
    TIM_OCStructInit                         0x080026ff   Thumb Code    20  stm32f10x_tim.o(.text)
    TIM_ICStructInit                         0x08002713   Thumb Code    18  stm32f10x_tim.o(.text)
    TIM_BDTRStructInit                       0x08002725   Thumb Code    40  stm32f10x_tim.o(.text)
    TIM_Cmd                                  0x0800274d   Thumb Code    24  stm32f10x_tim.o(.text)
    TIM_CtrlPWMOutputs                       0x08002765   Thumb Code    30  stm32f10x_tim.o(.text)
    TIM_ITConfig                             0x08002783   Thumb Code    18  stm32f10x_tim.o(.text)
    TIM_GenerateEvent                        0x08002795   Thumb Code     4  stm32f10x_tim.o(.text)
    TIM_DMAConfig                            0x08002799   Thumb Code    10  stm32f10x_tim.o(.text)
    TIM_DMACmd                               0x080027a3   Thumb Code    18  stm32f10x_tim.o(.text)
    TIM_InternalClockConfig                  0x080027b5   Thumb Code    12  stm32f10x_tim.o(.text)
    TIM_SelectInputTrigger                   0x080027c1   Thumb Code    18  stm32f10x_tim.o(.text)
    TIM_ITRxExternalClockConfig              0x080027d3   Thumb Code    24  stm32f10x_tim.o(.text)
    TIM_TIxExternalClockConfig               0x080027eb   Thumb Code    62  stm32f10x_tim.o(.text)
    TIM_ETRConfig                            0x08002829   Thumb Code    28  stm32f10x_tim.o(.text)
    TIM_ETRClockMode1Config                  0x08002845   Thumb Code    54  stm32f10x_tim.o(.text)
    TIM_ETRClockMode2Config                  0x0800287b   Thumb Code    32  stm32f10x_tim.o(.text)
    TIM_PrescalerConfig                      0x0800289b   Thumb Code     6  stm32f10x_tim.o(.text)
    TIM_CounterModeConfig                    0x080028a1   Thumb Code    18  stm32f10x_tim.o(.text)
    TIM_EncoderInterfaceConfig               0x080028b3   Thumb Code    66  stm32f10x_tim.o(.text)
    TIM_ForcedOC1Config                      0x080028f5   Thumb Code    18  stm32f10x_tim.o(.text)
    TIM_ForcedOC2Config                      0x08002907   Thumb Code    26  stm32f10x_tim.o(.text)
    TIM_ForcedOC3Config                      0x08002921   Thumb Code    18  stm32f10x_tim.o(.text)
    TIM_ForcedOC4Config                      0x08002933   Thumb Code    26  stm32f10x_tim.o(.text)
    TIM_ARRPreloadConfig                     0x0800294d   Thumb Code    24  stm32f10x_tim.o(.text)
    TIM_SelectCOM                            0x08002965   Thumb Code    24  stm32f10x_tim.o(.text)
    TIM_SelectCCDMA                          0x0800297d   Thumb Code    24  stm32f10x_tim.o(.text)
    TIM_CCPreloadControl                     0x08002995   Thumb Code    24  stm32f10x_tim.o(.text)
    TIM_OC1PreloadConfig                     0x080029ad   Thumb Code    18  stm32f10x_tim.o(.text)
    TIM_OC2PreloadConfig                     0x080029bf   Thumb Code    26  stm32f10x_tim.o(.text)
    TIM_OC3PreloadConfig                     0x080029d9   Thumb Code    18  stm32f10x_tim.o(.text)
    TIM_OC4PreloadConfig                     0x080029eb   Thumb Code    26  stm32f10x_tim.o(.text)
    TIM_OC1FastConfig                        0x08002a05   Thumb Code    18  stm32f10x_tim.o(.text)
    TIM_OC2FastConfig                        0x08002a17   Thumb Code    26  stm32f10x_tim.o(.text)
    TIM_OC3FastConfig                        0x08002a31   Thumb Code    18  stm32f10x_tim.o(.text)
    TIM_OC4FastConfig                        0x08002a43   Thumb Code    26  stm32f10x_tim.o(.text)
    TIM_ClearOC1Ref                          0x08002a5d   Thumb Code    18  stm32f10x_tim.o(.text)
    TIM_ClearOC2Ref                          0x08002a6f   Thumb Code    24  stm32f10x_tim.o(.text)
    TIM_ClearOC3Ref                          0x08002a87   Thumb Code    18  stm32f10x_tim.o(.text)
    TIM_ClearOC4Ref                          0x08002a99   Thumb Code    24  stm32f10x_tim.o(.text)
    TIM_OC1PolarityConfig                    0x08002ab1   Thumb Code    18  stm32f10x_tim.o(.text)
    TIM_OC1NPolarityConfig                   0x08002ac3   Thumb Code    18  stm32f10x_tim.o(.text)
    TIM_OC2PolarityConfig                    0x08002ad5   Thumb Code    26  stm32f10x_tim.o(.text)
    TIM_OC2NPolarityConfig                   0x08002aef   Thumb Code    26  stm32f10x_tim.o(.text)
    TIM_OC3PolarityConfig                    0x08002b09   Thumb Code    26  stm32f10x_tim.o(.text)
    TIM_OC3NPolarityConfig                   0x08002b23   Thumb Code    26  stm32f10x_tim.o(.text)
    TIM_OC4PolarityConfig                    0x08002b3d   Thumb Code    26  stm32f10x_tim.o(.text)
    TIM_CCxCmd                               0x08002b57   Thumb Code    30  stm32f10x_tim.o(.text)
    TIM_CCxNCmd                              0x08002b75   Thumb Code    30  stm32f10x_tim.o(.text)
    TIM_SelectOCxM                           0x08002b93   Thumb Code    82  stm32f10x_tim.o(.text)
    TIM_UpdateDisableConfig                  0x08002be5   Thumb Code    24  stm32f10x_tim.o(.text)
    TIM_UpdateRequestConfig                  0x08002bfd   Thumb Code    24  stm32f10x_tim.o(.text)
    TIM_SelectHallSensor                     0x08002c15   Thumb Code    24  stm32f10x_tim.o(.text)
    TIM_SelectOnePulseMode                   0x08002c2d   Thumb Code    18  stm32f10x_tim.o(.text)
    TIM_SelectOutputTrigger                  0x08002c3f   Thumb Code    18  stm32f10x_tim.o(.text)
    TIM_SelectSlaveMode                      0x08002c51   Thumb Code    18  stm32f10x_tim.o(.text)
    TIM_SelectMasterSlaveMode                0x08002c63   Thumb Code    18  stm32f10x_tim.o(.text)
    TIM_SetCounter                           0x08002c75   Thumb Code     4  stm32f10x_tim.o(.text)
    TIM_SetAutoreload                        0x08002c79   Thumb Code     4  stm32f10x_tim.o(.text)
    TIM_SetCompare1                          0x08002c7d   Thumb Code     4  stm32f10x_tim.o(.text)
    TIM_SetCompare2                          0x08002c81   Thumb Code     4  stm32f10x_tim.o(.text)
    TIM_SetCompare3                          0x08002c85   Thumb Code     4  stm32f10x_tim.o(.text)
    TIM_SetCompare4                          0x08002c89   Thumb Code     6  stm32f10x_tim.o(.text)
    TIM_SetClockDivision                     0x08002c8f   Thumb Code    18  stm32f10x_tim.o(.text)
    TIM_GetCapture1                          0x08002ca1   Thumb Code     6  stm32f10x_tim.o(.text)
    TIM_GetCapture2                          0x08002ca7   Thumb Code     6  stm32f10x_tim.o(.text)
    TIM_GetCapture3                          0x08002cad   Thumb Code     6  stm32f10x_tim.o(.text)
    TIM_GetCapture4                          0x08002cb3   Thumb Code     8  stm32f10x_tim.o(.text)
    TIM_GetCounter                           0x08002cbb   Thumb Code     6  stm32f10x_tim.o(.text)
    TIM_GetPrescaler                         0x08002cc1   Thumb Code     6  stm32f10x_tim.o(.text)
    TIM_GetFlagStatus                        0x08002cc7   Thumb Code    18  stm32f10x_tim.o(.text)
    TIM_ClearFlag                            0x08002cd9   Thumb Code     6  stm32f10x_tim.o(.text)
    TIM_GetITStatus                          0x08002cdf   Thumb Code    34  stm32f10x_tim.o(.text)
    TIM_ClearITPendingBit                    0x08002d01   Thumb Code     6  stm32f10x_tim.o(.text)
    USART_DeInit                             0x08002d09   Thumb Code   134  stm32f10x_usart.o(.text)
    USART_Init                               0x08002d8f   Thumb Code   210  stm32f10x_usart.o(.text)
    USART_StructInit                         0x08002e61   Thumb Code    24  stm32f10x_usart.o(.text)
    USART_ClockInit                          0x08002e79   Thumb Code    34  stm32f10x_usart.o(.text)
    USART_ClockStructInit                    0x08002e9b   Thumb Code    12  stm32f10x_usart.o(.text)
    USART_Cmd                                0x08002ea7   Thumb Code    24  stm32f10x_usart.o(.text)
    USART_ITConfig                           0x08002ebf   Thumb Code    74  stm32f10x_usart.o(.text)
    USART_DMACmd                             0x08002f09   Thumb Code    18  stm32f10x_usart.o(.text)
    USART_SetAddress                         0x08002f1b   Thumb Code    18  stm32f10x_usart.o(.text)
    USART_WakeUpConfig                       0x08002f2d   Thumb Code    18  stm32f10x_usart.o(.text)
    USART_ReceiverWakeUpCmd                  0x08002f3f   Thumb Code    24  stm32f10x_usart.o(.text)
    USART_LINBreakDetectLengthConfig         0x08002f57   Thumb Code    18  stm32f10x_usart.o(.text)
    USART_LINCmd                             0x08002f69   Thumb Code    24  stm32f10x_usart.o(.text)
    USART_SendData                           0x08002f81   Thumb Code     8  stm32f10x_usart.o(.text)
    USART_ReceiveData                        0x08002f89   Thumb Code    10  stm32f10x_usart.o(.text)
    USART_SendBreak                          0x08002f93   Thumb Code    10  stm32f10x_usart.o(.text)
    USART_SetGuardTime                       0x08002f9d   Thumb Code    16  stm32f10x_usart.o(.text)
    USART_SetPrescaler                       0x08002fad   Thumb Code    16  stm32f10x_usart.o(.text)
    USART_SmartCardCmd                       0x08002fbd   Thumb Code    24  stm32f10x_usart.o(.text)
    USART_SmartCardNACKCmd                   0x08002fd5   Thumb Code    24  stm32f10x_usart.o(.text)
    USART_HalfDuplexCmd                      0x08002fed   Thumb Code    24  stm32f10x_usart.o(.text)
    USART_OverSampling8Cmd                   0x08003005   Thumb Code    22  stm32f10x_usart.o(.text)
    USART_OneBitMethodCmd                    0x0800301b   Thumb Code    24  stm32f10x_usart.o(.text)
    USART_IrDAConfig                         0x08003033   Thumb Code    18  stm32f10x_usart.o(.text)
    USART_IrDACmd                            0x08003045   Thumb Code    24  stm32f10x_usart.o(.text)
    USART_GetFlagStatus                      0x0800305d   Thumb Code    26  stm32f10x_usart.o(.text)
    USART_ClearFlag                          0x08003077   Thumb Code    18  stm32f10x_usart.o(.text)
    USART_GetITStatus                        0x08003089   Thumb Code    84  stm32f10x_usart.o(.text)
    USART_ClearITPendingBit                  0x080030dd   Thumb Code    52  stm32f10x_usart.o(.text)
    main                                     0x08003111   Thumb Code    28  main.o(.text)
    SysSttUpd                                0x08003131   Thumb Code   188  manage.o(.text)
    SoftwareInit                             0x080031ed   Thumb Code    46  manage.o(.text)
    GuiDataUpd                               0x0800321b   Thumb Code   326  manage.o(.text)
    Display                                  0x08003961   Thumb Code    88  gui.o(.text)
    KeyAction                                0x0800433b   Thumb Code    98  gui.o(.text)
    GuiInit                                  0x0800439d   Thumb Code   710  gui.o(.text)
    Task                                     0x08004821   Thumb Code   188  task.o(.text)
    InitClock                                0x08004915   Thumb Code    14  widget.o(.text)
    DispClock                                0x08004e9f   Thumb Code    68  widget.o(.text)
    InitSttPic                               0x08004ee3   Thumb Code    18  widget.o(.text)
    DispSttPic                               0x08004ef5   Thumb Code    62  widget.o(.text)
    InitValue                                0x08004f33   Thumb Code    28  widget.o(.text)
    DispValue                                0x08005067   Thumb Code   222  widget.o(.text)
    InitSlider                               0x08005145   Thumb Code    76  widget.o(.text)
    DispSlid                                 0x08005191   Thumb Code   188  widget.o(.text)
    InitText                                 0x0800524d   Thumb Code     8  widget.o(.text)
    DispText                                 0x08005255   Thumb Code    44  widget.o(.text)
    UartDecode                               0x08005501   Thumb Code    58  protocol.o(.text)
    PowerManage                              0x0800556f   Thumb Code   122  power.o(.text)
    SystemInit                               0x080055e9   Thumb Code    54  bsp.o(.text)
    RtcInit                                  0x08005621   Thumb Code    64  bsprtc.o(.text)
    TimeSet                                  0x08005661   Thumb Code   312  bsprtc.o(.text)
    GetTime                                  0x08005799   Thumb Code   176  bsprtc.o(.text)
    ReadTimeDMA                              0x08005849   Thumb Code    28  bsprtc.o(.text)
    GetTimeDMA                               0x08005865   Thumb Code   116  bsprtc.o(.text)
    GetTimeString                            0x080058d9   Thumb Code   186  bsprtc.o(.text)
    GetDateString                            0x08005993   Thumb Code    62  bsprtc.o(.text)
    TempInit                                 0x080059e9   Thumb Code    14  bsptemp.o(.text)
    ReadTemperature                          0x080059f7   Thumb Code    78  bsptemp.o(.text)
    ReadTempDMA                              0x08005a45   Thumb Code    28  bsptemp.o(.text)
    GetTempDMA                               0x08005a61   Thumb Code    36  bsptemp.o(.text)
    BleInit                                  0x08005a8d   Thumb Code   166  bspble.o(.text)
    BleCmd                                   0x08005b33   Thumb Code    44  bspble.o(.text)
    PushSendBuf                              0x08005b5f   Thumb Code   106  bspble.o(.text)
    BleSend                                  0x08005bc9   Thumb Code   192  bspble.o(.text)
    EXTI15_10_IRQHandler                     0x08005c89   Thumb Code    96  bspble.o(.text)
    GetBatStt                                0x08005dcd   Thumb Code   102  bspbattery.o(.text)
    BatInit                                  0x08005e33   Thumb Code    56  bspbattery.o(.text)
    KeyInit                                  0x08005e79   Thumb Code   198  bspkey.o(.text)
    SetKeyInt                                0x08005f3f   Thumb Code    42  bspkey.o(.text)
    KeyScan                                  0x08005f69   Thumb Code   198  bspkey.o(.text)
    EXTI1_IRQHandler                         0x0800602f   Thumb Code    18  bspkey.o(.text)
    EXTI9_5_IRQHandler                       0x08006041   Thumb Code    22  bspkey.o(.text)
    OledClear                                0x080060f7   Thumb Code    70  bspoled.o(.text)
    OledInit                                 0x08006163   Thumb Code   238  bspoled.o(.text)
    OledDisplayOn                            0x08006251   Thumb Code    22  bspoled.o(.text)
    OledDisplayOff                           0x08006267   Thumb Code    22  bspoled.o(.text)
    OledDisp                                 0x0800627d   Thumb Code   102  bspoled.o(.text)
    OledDisplay                              0x080064cb   Thumb Code   156  bspoled.o(.text)
    OledShowString                           0x080065ab   Thumb Code    58  bspoled.o(.text)
    LedInit                                  0x080065e9   Thumb Code     8  bspled.o(.text)
    SetLight                                 0x080065f1   Thumb Code    50  bspled.o(.text)
    SetColor                                 0x08006623   Thumb Code    68  bspled.o(.text)
    LedUpdStt                                0x08006667   Thumb Code   256  bspled.o(.text)
    TimerInit                                0x08006779   Thumb Code    96  bsptimer.o(.text)
    TIM2_IRQHandler                          0x080067d9   Thumb Code    28  bsptimer.o(.text)
    SystickInit                              0x080067f9   Thumb Code    82  stm32_systick.o(.text)
    delayMs                                  0x0800684b   Thumb Code    54  stm32_systick.o(.text)
    delayUs                                  0x08006881   Thumb Code    60  stm32_systick.o(.text)
    PwmInit                                  0x080068c5   Thumb Code   158  stm32_pwm.o(.text)
    PwmSet                                   0x08006963   Thumb Code   104  stm32_pwm.o(.text)
    I2CReadRegister                          0x080069e1   Thumb Code   352  stm32_i2c.o(.text)
    I2CWriteRegister                         0x08006b41   Thumb Code   220  stm32_i2c.o(.text)
    I2CInit                                  0x08006c1d   Thumb Code   374  stm32_i2c.o(.text)
    I2CReadRegDMA                            0x08006d93   Thumb Code   170  stm32_i2c.o(.text)
    I2CWriteRegDMA                           0x08006e3d   Thumb Code   132  stm32_i2c.o(.text)
    I2C1_EV_IRQHandler                       0x08006ec1   Thumb Code   264  stm32_i2c.o(.text)
    I2C1_ER_IRQHandler                       0x08006fc9   Thumb Code   104  stm32_i2c.o(.text)
    DMA1_Channel6_IRQHandler                 0x08007031   Thumb Code    96  stm32_i2c.o(.text)
    DMA1_Channel7_IRQHandler                 0x08007091   Thumb Code    60  stm32_i2c.o(.text)
    GetAdcVal                                0x080070e9   Thumb Code    30  stm32_adc.o(.text)
    ADCInit                                  0x08007107   Thumb Code   264  stm32_adc.o(.text)
    UsartInit                                0x08007225   Thumb Code   244  stm32_uart.o(.text)
    RxUart                                   0x08007319   Thumb Code    94  stm32_uart.o(.text)
    TxUart                                   0x08007377   Thumb Code    58  stm32_uart.o(.text)
    GetSendStt                               0x080073b1   Thumb Code    14  stm32_uart.o(.text)
    RccInit                                  0x080073d1   Thumb Code    56  stm32_rcc.o(.text)
    Sleep                                    0x08007409   Thumb Code    12  stm32_rcc.o(.text)
    SpiInit                                  0x08007415   Thumb Code   224  stm32_spi.o(.text)
    SpiSend                                  0x080074f5   Thumb Code    44  stm32_spi.o(.text)
    strlen                                   0x08007531   Thumb Code    62  strlen.o(.text)
    __aeabi_memcpy                           0x0800756f   Thumb Code     0  rt_memcpy_v6.o(.text)
    __rt_memcpy                              0x0800756f   Thumb Code   138  rt_memcpy_v6.o(.text)
    _memcpy_lastbytes                        0x080075d5   Thumb Code     0  rt_memcpy_v6.o(.text)
    __aeabi_memcpy4                          0x080075f9   Thumb Code     0  rt_memcpy_w.o(.text)
    __aeabi_memcpy8                          0x080075f9   Thumb Code     0  rt_memcpy_w.o(.text)
    __rt_memcpy_w                            0x080075f9   Thumb Code   100  rt_memcpy_w.o(.text)
    _memcpy_lastbytes_aligned                0x08007641   Thumb Code     0  rt_memcpy_w.o(.text)
    __use_two_region_memory                  0x0800765d   Thumb Code     2  heapauxi.o(.text)
    __rt_heap_escrow$2region                 0x0800765f   Thumb Code     2  heapauxi.o(.text)
    __rt_heap_expand$2region                 0x08007661   Thumb Code     2  heapauxi.o(.text)
    __user_setup_stackheap                   0x08007663   Thumb Code    74  sys_stackheap_outer.o(.text)
    exit                                     0x080076ad   Thumb Code    12  exit.o(.text)
    __user_libspace                          0x080076b9   Thumb Code     8  libspace.o(.text)
    __user_perproc_libspace                  0x080076b9   Thumb Code     0  libspace.o(.text)
    __user_perthread_libspace                0x080076b9   Thumb Code     0  libspace.o(.text)
    _sys_exit                                0x080076c1   Thumb Code     8  sys_exit.o(.text)
    __I$use$semihosting                      0x080076cd   Thumb Code     0  use_no_semi.o(.text)
    __use_no_semihosting_swi                 0x080076cd   Thumb Code     2  use_no_semi.o(.text)
    __semihosting_library_function           0x080076cf   Thumb Code     0  indicate_semi.o(.text)
    gImage_LED                               0x080076ce   Data         512  picture.o(.constdata)
    gImage_SETTING                           0x080078ce   Data         512  picture.o(.constdata)
    gImage_INFO                              0x08007ace   Data         512  picture.o(.constdata)
    gImage_LED_DISABLE                       0x08007cce   Data         512  picture.o(.constdata)
    fontTimeNum                              0x08007ece   Data        1680  picture.o(.constdata)
    fontTimeColon                            0x0800855e   Data         192  picture.o(.constdata)
    fontBattery                              0x0800861e   Data         140  picture.o(.constdata)
    fontBLE                                  0x080086aa   Data          40  picture.o(.constdata)
    fontDelay                                0x080086d2   Data          60  picture.o(.constdata)
    fontEnable                               0x0800870e   Data          16  picture.o(.constdata)
    fontSlide                                0x0800871e   Data         100  picture.o(.constdata)
    F6x8                                     0x08008782   Data         558  bspoledfont.o(.constdata)
    Region$$Table$$Base                      0x080089c0   Number         0  anon$$obj.o(Region$$Table)
    Region$$Table$$Limit                     0x080089e0   Number         0  anon$$obj.o(Region$$Table)
    Power                                    0x2000002c   Data           2  power.o(.data)
    Temp                                     0x2000002e   Data           6  bsptemp.o(.data)
    Bat                                      0x20000034   Data           4  bspbattery.o(.data)
    KeyStt                                   0x2000003d   Data           3  bspkey.o(.data)
    ReqHeartBeat                             0x20000044   Data           1  bsptimer.o(.data)
    dummyByte                                0x20000051   Data           1  stm32_spi.o(.data)
    Sys                                      0x20000054   Data          44  manage.o(.bss)
    Gui                                      0x20000080   Data         592  gui.o(.bss)
    Rtc                                      0x20000306   Data          24  bsprtc.o(.bss)
    Ble                                      0x20000320   Data         352  bspble.o(.bss)
    DispBuf                                  0x20000480   Data        1152  bspoled.o(.bss)
    Led                                      0x20000900   Data          24  bspled.o(.bss)
    Systick                                  0x20000918   Data          12  stm32_systick.o(.bss)
    I2c                                      0x20000924   Data          61  stm32_i2c.o(.bss)
    Uart                                     0x20000982   Data         404  stm32_uart.o(.bss)
    __libspace_start                         0x20000b18   Data          96  libspace.o(.bss)
    __temporary_stack_top$libspace           0x20000b78   Data           0  libspace.o(.bss)



==============================================================================

Memory Map of the image

  Image Entry point : 0x08000189

  Load Region LR_1 (Base: 0x08000000, Size: 0x00008a34, Max: 0xffffffff, ABSOLUTE)

    Execution Region ER_RO (Base: 0x08000000, Size: 0x000089e0, Max: 0xffffffff, ABSOLUTE)

    Base Addr    Size         Type   Attr      Idx    E Section Name        Object

    0x08000000   0x000000ec   Data   RO           19    RESET               startup_stm32f10x_md.o
    0x080000ec   0x00000008   Code   RO         1445  * !!!main             c_w.l(__main.o)
    0x080000f4   0x00000034   Code   RO         1599    !!!scatter          c_w.l(__scatter.o)
    0x08000128   0x0000001a   Code   RO         1601    !!handler_copy      c_w.l(__scatter_copy.o)
    0x08000142   0x00000002   PAD
    0x08000144   0x0000001c   Code   RO         1603    !!handler_zi        c_w.l(__scatter_zi.o)
    0x08000160   0x00000002   Code   RO         1472    .ARM.Collect$$libinit$$00000000  c_w.l(libinit.o)
    0x08000162   0x00000000   Code   RO         1479    .ARM.Collect$$libinit$$00000002  c_w.l(libinit2.o)
    0x08000162   0x00000000   Code   RO         1482    .ARM.Collect$$libinit$$00000008  c_w.l(libinit2.o)
    0x08000162   0x00000000   Code   RO         1484    .ARM.Collect$$libinit$$0000000A  c_w.l(libinit2.o)
    0x08000162   0x00000000   Code   RO         1486    .ARM.Collect$$libinit$$0000000C  c_w.l(libinit2.o)
    0x08000162   0x00000000   Code   RO         1489    .ARM.Collect$$libinit$$0000000F  c_w.l(libinit2.o)
    0x08000162   0x00000000   Code   RO         1491    .ARM.Collect$$libinit$$00000011  c_w.l(libinit2.o)
    0x08000162   0x00000000   Code   RO         1493    .ARM.Collect$$libinit$$00000013  c_w.l(libinit2.o)
    0x08000162   0x00000000   Code   RO         1495    .ARM.Collect$$libinit$$00000015  c_w.l(libinit2.o)
    0x08000162   0x00000000   Code   RO         1497    .ARM.Collect$$libinit$$00000017  c_w.l(libinit2.o)
    0x08000162   0x00000000   Code   RO         1499    .ARM.Collect$$libinit$$00000019  c_w.l(libinit2.o)
    0x08000162   0x00000000   Code   RO         1501    .ARM.Collect$$libinit$$0000001B  c_w.l(libinit2.o)
    0x08000162   0x00000000   Code   RO         1503    .ARM.Collect$$libinit$$0000001D  c_w.l(libinit2.o)
    0x08000162   0x00000000   Code   RO         1505    .ARM.Collect$$libinit$$0000001F  c_w.l(libinit2.o)
    0x08000162   0x00000000   Code   RO         1507    .ARM.Collect$$libinit$$00000021  c_w.l(libinit2.o)
    0x08000162   0x00000000   Code   RO         1509    .ARM.Collect$$libinit$$00000023  c_w.l(libinit2.o)
    0x08000162   0x00000000   Code   RO         1513    .ARM.Collect$$libinit$$0000002A  c_w.l(libinit2.o)
    0x08000162   0x00000000   Code   RO         1515    .ARM.Collect$$libinit$$0000002C  c_w.l(libinit2.o)
    0x08000162   0x00000000   Code   RO         1517    .ARM.Collect$$libinit$$0000002E  c_w.l(libinit2.o)
    0x08000162   0x00000000   Code   RO         1519    .ARM.Collect$$libinit$$00000030  c_w.l(libinit2.o)
    0x08000162   0x00000002   Code   RO         1520    .ARM.Collect$$libinit$$00000031  c_w.l(libinit2.o)
    0x08000164   0x00000002   Code   RO         1540    .ARM.Collect$$libshutdown$$00000000  c_w.l(libshutdown.o)
    0x08000166   0x00000000   Code   RO         1554    .ARM.Collect$$libshutdown$$00000003  c_w.l(libshutdown2.o)
    0x08000166   0x00000000   Code   RO         1557    .ARM.Collect$$libshutdown$$00000006  c_w.l(libshutdown2.o)
    0x08000166   0x00000000   Code   RO         1560    .ARM.Collect$$libshutdown$$00000009  c_w.l(libshutdown2.o)
    0x08000166   0x00000000   Code   RO         1562    .ARM.Collect$$libshutdown$$0000000B  c_w.l(libshutdown2.o)
    0x08000166   0x00000000   Code   RO         1565    .ARM.Collect$$libshutdown$$0000000E  c_w.l(libshutdown2.o)
    0x08000166   0x00000002   Code   RO         1566    .ARM.Collect$$libshutdown$$0000000F  c_w.l(libshutdown2.o)
    0x08000168   0x00000000   Code   RO         1447    .ARM.Collect$$rtentry$$00000000  c_w.l(rtentry.o)
    0x08000168   0x00000000   Code   RO         1449    .ARM.Collect$$rtentry$$00000002  c_w.l(rtentry2.o)
    0x08000168   0x00000006   Code   RO         1461    .ARM.Collect$$rtentry$$00000004  c_w.l(rtentry4.o)
    0x0800016e   0x00000000   Code   RO         1451    .ARM.Collect$$rtentry$$00000009  c_w.l(rtentry2.o)
    0x0800016e   0x00000004   Code   RO         1452    .ARM.Collect$$rtentry$$0000000A  c_w.l(rtentry2.o)
    0x08000172   0x00000000   Code   RO         1454    .ARM.Collect$$rtentry$$0000000C  c_w.l(rtentry2.o)
    0x08000172   0x00000008   Code   RO         1455    .ARM.Collect$$rtentry$$0000000D  c_w.l(rtentry2.o)
    0x0800017a   0x00000002   Code   RO         1476    .ARM.Collect$$rtexit$$00000000  c_w.l(rtexit.o)
    0x0800017c   0x00000000   Code   RO         1522    .ARM.Collect$$rtexit$$00000002  c_w.l(rtexit2.o)
    0x0800017c   0x00000004   Code   RO         1523    .ARM.Collect$$rtexit$$00000003  c_w.l(rtexit2.o)
    0x08000180   0x00000006   Code   RO         1524    .ARM.Collect$$rtexit$$00000004  c_w.l(rtexit2.o)
    0x08000186   0x00000002   PAD
    0x08000188   0x00000038   Code   RO           20  * .text               startup_stm32f10x_md.o
    0x080001c0   0x000000dc   Code   RO           26    .text               misc.o
    0x0800029c   0x0000044e   Code   RO          135    .text               stm32f10x_adc.o
    0x080006ea   0x00000002   PAD
    0x080006ec   0x00000250   Code   RO          275    .text               stm32f10x_dma.o
    0x0800093c   0x0000011c   Code   RO          295    .text               stm32f10x_exti.o
    0x08000a58   0x000005bc   Code   RO          315    .text               stm32f10x_flash.o
    0x08001014   0x00000358   Code   RO          355    .text               stm32f10x_gpio.o
    0x0800136c   0x00000404   Code   RO          375    .text               stm32f10x_i2c.o
    0x08001770   0x000000cc   Code   RO          415    .text               stm32f10x_pwr.o
    0x0800183c   0x000003a4   Code   RO          435    .text               stm32f10x_rcc.o
    0x08001be0   0x0000030c   Code   RO          497    .text               stm32f10x_spi.o
    0x08001eec   0x00000e1a   Code   RO          517    .text               stm32f10x_tim.o
    0x08002d06   0x00000002   PAD
    0x08002d08   0x00000408   Code   RO          537    .text               stm32f10x_usart.o
    0x08003110   0x00000020   Code   RO          584    .text               main.o
    0x08003130   0x000002ec   Code   RO          748    .text               manage.o
    0x0800341c   0x00001360   Code   RO          775    .text               gui.o
    0x0800477c   0x00000198   Code   RO          813    .text               task.o
    0x08004914   0x00000978   Code   RO          857    .text               widget.o
    0x0800528c   0x000002c0   Code   RO          880    .text               protocol.o
    0x0800554c   0x0000009c   Code   RO          901    .text               power.o
    0x080055e8   0x00000036   Code   RO          934    .text               bsp.o
    0x0800561e   0x00000002   PAD
    0x08005620   0x000003c8   Code   RO         1019    .text               bsprtc.o
    0x080059e8   0x000000a4   Code   RO         1075    .text               bsptemp.o
    0x08005a8c   0x00000268   Code   RO         1101    .text               bspble.o
    0x08005cf4   0x00000184   Code   RO         1127    .text               bspbattery.o
    0x08005e78   0x000001f4   Code   RO         1153    .text               bspkey.o
    0x0800606c   0x0000057c   Code   RO         1179    .text               bspoled.o
    0x080065e8   0x00000190   Code   RO         1207    .text               bspled.o
    0x08006778   0x00000080   Code   RO         1234    .text               bsptimer.o
    0x080067f8   0x000000cc   Code   RO         1260    .text               stm32_systick.o
    0x080068c4   0x0000011c   Code   RO         1286    .text               stm32_pwm.o
    0x080069e0   0x00000708   Code   RO         1310    .text               stm32_i2c.o
    0x080070e8   0x0000013c   Code   RO         1337    .text               stm32_adc.o
    0x08007224   0x000001ac   Code   RO         1362    .text               stm32_uart.o
    0x080073d0   0x00000044   Code   RO         1388    .text               stm32_rcc.o
    0x08007414   0x0000011c   Code   RO         1411    .text               stm32_spi.o
    0x08007530   0x0000003e   Code   RO         1437    .text               c_w.l(strlen.o)
    0x0800756e   0x0000008a   Code   RO         1439    .text               c_w.l(rt_memcpy_v6.o)
    0x080075f8   0x00000064   Code   RO         1441    .text               c_w.l(rt_memcpy_w.o)
    0x0800765c   0x00000006   Code   RO         1443    .text               c_w.l(heapauxi.o)
    0x08007662   0x0000004a   Code   RO         1463    .text               c_w.l(sys_stackheap_outer.o)
    0x080076ac   0x0000000c   Code   RO         1465    .text               c_w.l(exit.o)
    0x080076b8   0x00000008   Code   RO         1473    .text               c_w.l(libspace.o)
    0x080076c0   0x0000000c   Code   RO         1532    .text               c_w.l(sys_exit.o)
    0x080076cc   0x00000002   Code   RO         1543    .text               c_w.l(use_no_semi.o)
    0x080076ce   0x00000000   Code   RO         1545    .text               c_w.l(indicate_semi.o)
    0x080076ce   0x000010b4   Data   RO          575    .constdata          picture.o
    0x08008782   0x0000022e   Data   RO          925    .constdata          bspoledfont.o
    0x080089b0   0x00000010   Data   RO         1181    .constdata          bspoled.o
    0x080089c0   0x00000020   Data   RO         1597    Region$$Table       anon$$obj.o


    Execution Region ER_RW (Base: 0x20000000, Size: 0x00000054, Max: 0xffffffff, ABSOLUTE)

    Base Addr    Size         Type   Attr      Idx    E Section Name        Object

    0x20000000   0x00000014   Data   RW          436    .data               stm32f10x_rcc.o
    0x20000014   0x00000006   Data   RW          750    .data               manage.o
    0x2000001a   0x0000000c   Data   RW          777    .data               gui.o
    0x20000026   0x00000005   Data   RW          814    .data               task.o
    0x2000002b   0x00000001   Data   RW          859    .data               widget.o
    0x2000002c   0x00000002   Data   RW          902    .data               power.o
    0x2000002e   0x00000006   Data   RW         1076    .data               bsptemp.o
    0x20000034   0x00000004   Data   RW         1128    .data               bspbattery.o
    0x20000038   0x00000008   Data   RW         1154    .data               bspkey.o
    0x20000040   0x00000001   Data   RW         1182    .data               bspoled.o
    0x20000041   0x00000003   Data   RW         1209    .data               bspled.o
    0x20000044   0x00000001   Data   RW         1235    .data               bsptimer.o
    0x20000045   0x00000001   PAD
    0x20000046   0x00000006   Data   RW         1287    .data               stm32_pwm.o
    0x2000004c   0x00000005   Data   RW         1312    .data               stm32_i2c.o
    0x20000051   0x00000001   Data   RW         1412    .data               stm32_spi.o


    Execution Region ER_ZI (Base: 0x20000054, Size: 0x00001124, Max: 0xffffffff, ABSOLUTE)

    Base Addr    Size         Type   Attr      Idx    E Section Name        Object

    0x20000054   0x0000002c   Zero   RW          749    .bss                manage.o
    0x20000080   0x00000268   Zero   RW          776    .bss                gui.o
    0x200002e8   0x0000001e   Zero   RW          858    .bss                widget.o
    0x20000306   0x00000018   Zero   RW         1020    .bss                bsprtc.o
    0x2000031e   0x00000002   PAD
    0x20000320   0x00000160   Zero   RW         1102    .bss                bspble.o
    0x20000480   0x00000480   Zero   RW         1180    .bss                bspoled.o
    0x20000900   0x00000018   Zero   RW         1208    .bss                bspled.o
    0x20000918   0x0000000c   Zero   RW         1261    .bss                stm32_systick.o
    0x20000924   0x0000003d   Zero   RW         1311    .bss                stm32_i2c.o
    0x20000961   0x00000001   PAD
    0x20000962   0x00000020   Zero   RW         1338    .bss                stm32_adc.o
    0x20000982   0x00000194   Zero   RW         1363    .bss                stm32_uart.o
    0x20000b16   0x00000002   PAD
    0x20000b18   0x00000060   Zero   RW         1474    .bss                c_w.l(libspace.o)
    0x20000b78   0x00000200   Zero   RW           18    HEAP                startup_stm32f10x_md.o
    0x20000d78   0x00000400   Zero   RW           17    STACK               startup_stm32f10x_md.o


==============================================================================

Image component sizes


      Code (inc. data)   RO Data    RW Data    ZI Data      Debug   Object Name

        54          0          0          0          0     213105   bsp.o
       388         22          0          4          0       1902   bspbattery.o
       616         12          0          0        352       2524   bspble.o
       500         22          0          8          0       2437   bspkey.o
       400         18          0          3         24       2284   bspled.o
      1404         40         16          1       1152       4540   bspoled.o
         0          0        558          0          0        391   bspoledfont.o
       968         24          0          0         24     209539   bsprtc.o
       164          8          0          6          0       1957   bsptemp.o
       128          4          0          1          0        871   bsptimer.o
         0          0          0          0          0       4276   core_cm3.o
      4960        452          0         12        616       8425   gui.o
        32          4          0          0          0      68467   main.o
       748        188          0          6         44       2210   manage.o
       220         20          0          0          0     291141   misc.o
         0          0       4276          0          0        952   picture.o
       156          0          0          2          0       1590   power.o
       704         18          0          0          0       2015   protocol.o
        56         22        236          0       1536        828   startup_stm32f10x_md.o
       316         22          0          0         32       1344   stm32_adc.o
      1800         68          0          5         61       4954   stm32_i2c.o
       284         22          0          6          0        985   stm32_pwm.o
        68          0          0          0          0        544   stm32_rcc.o
       284         16          0          1          0       1330   stm32_spi.o
       204          8          0          0         12       1448   stm32_systick.o
       428         18          0          0        404       1948   stm32_uart.o
      1102         26          0          0          0      10797   stm32f10x_adc.o
       592          8          0          0          0       4290   stm32f10x_dma.o
       284         10          0          0          0       2195   stm32f10x_exti.o
      1468         34          0          0          0       7990   stm32f10x_flash.o
       856         40          0          0          0       5601   stm32f10x_gpio.o
      1028         16          0          0          0       9067   stm32f10x_i2c.o
       204         16          0          0          0       1887   stm32f10x_pwr.o
       932         44          0         20          0       8728   stm32f10x_rcc.o
       780         14          0          0          0       6490   stm32f10x_spi.o
      3610         88          0          0          0      22092   stm32f10x_tim.o
      1032         22          0          0          0       8332   stm32f10x_usart.o
       408         56          0          5          0       1427   task.o
      2424         46          0          1         30       5926   widget.o

    ----------------------------------------------------------------------
     29608       1428       5118         84       4292     926829   Object Totals
         0          0         32          0          0          0   (incl. Generated)
         6          0          0          3          5          0   (incl. Padding)

    ----------------------------------------------------------------------

      Code (inc. data)   RO Data    RW Data    ZI Data      Debug   Library Member Name

         8          0          0          0          0         68   __main.o
        52          8          0          0          0          0   __scatter.o
        26          0          0          0          0          0   __scatter_copy.o
        28          0          0          0          0          0   __scatter_zi.o
        12          0          0          0          0         72   exit.o
         6          0          0          0          0        152   heapauxi.o
         0          0          0          0          0          0   indicate_semi.o
         2          0          0          0          0          0   libinit.o
         2          0          0          0          0          0   libinit2.o
         2          0          0          0          0          0   libshutdown.o
         2          0          0          0          0          0   libshutdown2.o
         8          4          0          0         96         68   libspace.o
       138          0          0          0          0         68   rt_memcpy_v6.o
       100          0          0          0          0         80   rt_memcpy_w.o
         0          0          0          0          0          0   rtentry.o
        12          0          0          0          0          0   rtentry2.o
         6          0          0          0          0          0   rtentry4.o
         2          0          0          0          0          0   rtexit.o
        10          0          0          0          0          0   rtexit2.o
        62          0          0          0          0         76   strlen.o
        12          4          0          0          0         68   sys_exit.o
        74          0          0          0          0         80   sys_stackheap_outer.o
         2          0          0          0          0         68   use_no_semi.o

    ----------------------------------------------------------------------
       570         16          0          0         96        800   Library Totals
         4          0          0          0          0          0   (incl. Padding)

    ----------------------------------------------------------------------

      Code (inc. data)   RO Data    RW Data    ZI Data      Debug   Library Name

       566         16          0          0         96        800   c_w.l

    ----------------------------------------------------------------------
       570         16          0          0         96        800   Library Totals

    ----------------------------------------------------------------------

==============================================================================


      Code (inc. data)   RO Data    RW Data    ZI Data      Debug   

     30178       1444       5118         84       4388     923937   Grand Totals
     30178       1444       5118         84       4388     923937   ELF Image Totals
     30178       1444       5118         84          0          0   ROM Totals

==============================================================================

    Total RO  Size (Code + RO Data)                35296 (  34.47kB)
    Total RW  Size (RW Data + ZI Data)              4472 (   4.37kB)
    Total ROM Size (Code + RO Data + RW Data)      35380 (  34.55kB)

==============================================================================

